[1.908s] Invoking command in '/home/nvidia/gestelt_ws/src/gestelt2/build/gestelt_commander': PYTHONPATH=/home/nvidia/gestelt_ws/src/gestelt2/build/gestelt_commander/prefix_override:/usr/lib/python3/dist-packages/colcon_core/task/python/colcon_distutils_commands:/home/nvidia/gestelt_ws/src/gestelt2/install/gestelt_commander/lib/python3.10/site-packages:${PYTHONPATH} /usr/bin/python3 -W ignore:setup.py install is deprecated -W ignore:easy_install command is deprecated setup.py develop --editable --build-directory /home/nvidia/gestelt_ws/src/gestelt2/build/gestelt_commander/build --no-deps symlink_data
[2.543s] running develop
[2.955s] running egg_info
[2.956s] writing gestelt_commander.egg-info/PKG-INFO
[2.957s] writing dependency_links to gestelt_commander.egg-info/dependency_links.txt
[2.957s] writing entry points to gestelt_commander.egg-info/entry_points.txt
[2.958s] writing requirements to gestelt_commander.egg-info/requires.txt
[2.958s] writing top-level names to gestelt_commander.egg-info/top_level.txt
[2.962s] reading manifest file 'gestelt_commander.egg-info/SOURCES.txt'
[2.964s] writing manifest file 'gestelt_commander.egg-info/SOURCES.txt'
[2.968s] running build_ext
[2.968s] Creating /home/nvidia/gestelt_ws/src/gestelt2/install/gestelt_commander/lib/python3.10/site-packages/gestelt-commander.egg-link (link to .)
[2.971s] Installing land script to /home/nvidia/gestelt_ws/src/gestelt2/install/gestelt_commander/lib/gestelt_commander
[2.971s] Installing land_sim script to /home/nvidia/gestelt_ws/src/gestelt2/install/gestelt_commander/lib/gestelt_commander
[2.972s] Installing test_planning script to /home/nvidia/gestelt_ws/src/gestelt2/install/gestelt_commander/lib/gestelt_commander
[2.972s] Installing test_point_goal script to /home/nvidia/gestelt_ws/src/gestelt2/install/gestelt_commander/lib/gestelt_commander
[2.972s] Installing test_point_goal_sim script to /home/nvidia/gestelt_ws/src/gestelt2/install/gestelt_commander/lib/gestelt_commander
[2.972s] Installing test_send_cmds script to /home/nvidia/gestelt_ws/src/gestelt2/install/gestelt_commander/lib/gestelt_commander
[2.973s] Installing test_take_off_goal script to /home/nvidia/gestelt_ws/src/gestelt2/install/gestelt_commander/lib/gestelt_commander
[2.973s] Installing test_take_off_goal_sim script to /home/nvidia/gestelt_ws/src/gestelt2/install/gestelt_commander/lib/gestelt_commander
[2.973s] Installing test_take_off_point_goal script to /home/nvidia/gestelt_ws/src/gestelt2/install/gestelt_commander/lib/gestelt_commander
[2.974s] 
[2.974s] Installed /home/nvidia/gestelt_ws/src/gestelt2/build/gestelt_commander
[2.974s] running symlink_data
[3.072s] Invoked command in '/home/nvidia/gestelt_ws/src/gestelt2/build/gestelt_commander' returned '0': PYTHONPATH=/home/nvidia/gestelt_ws/src/gestelt2/build/gestelt_commander/prefix_override:/usr/lib/python3/dist-packages/colcon_core/task/python/colcon_distutils_commands:/home/nvidia/gestelt_ws/src/gestelt2/install/gestelt_commander/lib/python3.10/site-packages:${PYTHONPATH} /usr/bin/python3 -W ignore:setup.py install is deprecated -W ignore:easy_install command is deprecated setup.py develop --editable --build-directory /home/nvidia/gestelt_ws/src/gestelt2/build/gestelt_commander/build --no-deps symlink_data
