[0.111s] Invoking command in '/home/nvidia/gestelt_ws/src/gestelt2/build/ikd_tree': CMAKE_PREFIX_PATH=${CMAKE_PREFIX_PATH}:/home/nvidia/gestelt_ws/install/gestelt_commander:/home/nvidia/tl_vision2/install/vision:/home/nvidia/bridge_ws/install/vilota_bridge:/opt/ros/humble /usr/bin/cmake --build /home/nvidia/gestelt_ws/src/gestelt2/build/ikd_tree -- -j8 -l8
[0.534s] [100%] Built target ikd_tree
[0.571s] Invoked command in '/home/nvidia/gestelt_ws/src/gestelt2/build/ikd_tree' returned '0': CMAKE_PREFIX_PATH=${CMAKE_PREFIX_PATH}:/home/nvidia/gestelt_ws/install/gestelt_commander:/home/nvidia/tl_vision2/install/vision:/home/nvidia/bridge_ws/install/vilota_bridge:/opt/ros/humble /usr/bin/cmake --build /home/nvidia/gestelt_ws/src/gestelt2/build/ikd_tree -- -j8 -l8
[0.584s] Invoking command in '/home/nvidia/gestelt_ws/src/gestelt2/build/ikd_tree': CMAKE_PREFIX_PATH=${CMAKE_PREFIX_PATH}:/home/nvidia/gestelt_ws/install/gestelt_commander:/home/nvidia/tl_vision2/install/vision:/home/nvidia/bridge_ws/install/vilota_bridge:/opt/ros/humble /usr/bin/cmake --install /home/nvidia/gestelt_ws/src/gestelt2/build/ikd_tree
[0.631s] -- Install configuration: "Release"
[0.631s] -- Execute custom install script
[0.631s] -- Symlinking: /home/nvidia/gestelt_ws/src/gestelt2/install/ikd_tree/include/ikd_tree/ikd_tree/ikd_tree.hpp
[0.665s] -- Symlinking: /home/nvidia/gestelt_ws/src/gestelt2/install/ikd_tree/share/ikd_tree/environment/library_path.sh
[0.706s] -- Symlinking: /home/nvidia/gestelt_ws/src/gestelt2/install/ikd_tree/share/ikd_tree/environment/library_path.dsv
[0.728s] -- Symlinking: /home/nvidia/gestelt_ws/src/gestelt2/install/ikd_tree/share/ament_index/resource_index/package_run_dependencies/ikd_tree
[0.771s] -- Symlinking: /home/nvidia/gestelt_ws/src/gestelt2/install/ikd_tree/share/ament_index/resource_index/parent_prefix_path/ikd_tree
[0.795s] -- Symlinking: /home/nvidia/gestelt_ws/src/gestelt2/install/ikd_tree/share/ikd_tree/environment/ament_prefix_path.sh
[0.814s] -- Symlinking: /home/nvidia/gestelt_ws/src/gestelt2/install/ikd_tree/share/ikd_tree/environment/ament_prefix_path.dsv
[0.836s] -- Symlinking: /home/nvidia/gestelt_ws/src/gestelt2/install/ikd_tree/share/ikd_tree/environment/path.sh
[0.856s] -- Symlinking: /home/nvidia/gestelt_ws/src/gestelt2/install/ikd_tree/share/ikd_tree/environment/path.dsv
[0.877s] -- Symlinking: /home/nvidia/gestelt_ws/src/gestelt2/install/ikd_tree/share/ikd_tree/local_setup.bash
[0.896s] -- Symlinking: /home/nvidia/gestelt_ws/src/gestelt2/install/ikd_tree/share/ikd_tree/local_setup.sh
[0.931s] -- Symlinking: /home/nvidia/gestelt_ws/src/gestelt2/install/ikd_tree/share/ikd_tree/local_setup.zsh
[0.964s] -- Symlinking: /home/nvidia/gestelt_ws/src/gestelt2/install/ikd_tree/share/ikd_tree/local_setup.dsv
[1.003s] -- Symlinking: /home/nvidia/gestelt_ws/src/gestelt2/install/ikd_tree/share/ikd_tree/package.dsv
[1.024s] -- Symlinking: /home/nvidia/gestelt_ws/src/gestelt2/install/ikd_tree/share/ament_index/resource_index/packages/ikd_tree
[1.046s] -- Symlinking: /home/nvidia/gestelt_ws/src/gestelt2/install/ikd_tree/share/ikd_tree/cmake/ament_cmake_export_include_directories-extras.cmake
[1.067s] -- Symlinking: /home/nvidia/gestelt_ws/src/gestelt2/install/ikd_tree/share/ikd_tree/cmake/ament_cmake_export_libraries-extras.cmake
[1.087s] -- Symlinking: /home/nvidia/gestelt_ws/src/gestelt2/install/ikd_tree/share/ikd_tree/cmake/ament_cmake_export_targets-extras.cmake
[1.105s] -- Symlinking: /home/nvidia/gestelt_ws/src/gestelt2/install/ikd_tree/share/ikd_tree/cmake/ikd_treeConfig.cmake
[1.124s] -- Symlinking: /home/nvidia/gestelt_ws/src/gestelt2/install/ikd_tree/share/ikd_tree/cmake/ikd_treeConfig-version.cmake
[1.145s] -- Symlinking: /home/nvidia/gestelt_ws/src/gestelt2/install/ikd_tree/share/ikd_tree/package.xml
[1.171s] -- Up-to-date: /home/nvidia/gestelt_ws/src/gestelt2/install/ikd_tree/lib/libikd_tree.so
[1.173s] -- Installing: /home/nvidia/gestelt_ws/src/gestelt2/install/ikd_tree/share/ikd_tree/cmake/export_ikd_treeExport.cmake
[1.174s] -- Installing: /home/nvidia/gestelt_ws/src/gestelt2/install/ikd_tree/share/ikd_tree/cmake/export_ikd_treeExport-release.cmake
[1.186s] Invoked command in '/home/nvidia/gestelt_ws/src/gestelt2/build/ikd_tree' returned '0': CMAKE_PREFIX_PATH=${CMAKE_PREFIX_PATH}:/home/nvidia/gestelt_ws/install/gestelt_commander:/home/nvidia/tl_vision2/install/vision:/home/nvidia/bridge_ws/install/vilota_bridge:/opt/ros/humble /usr/bin/cmake --install /home/nvidia/gestelt_ws/src/gestelt2/build/ikd_tree
