[35m[1mConsolidate compiler generated dependencies of target occ_map[0m
[100%] Built target occ_map
-- Install configuration: "Release"
-- Execute custom install script
-- Up-to-date symlink: /home/nvidia/gestelt_ws/src/gestelt2/install/occ_map/include/occ_map/occ_map/cost_values.hpp
-- Up-to-date symlink: /home/nvidia/gestelt_ws/src/gestelt2/install/occ_map/include/occ_map/occ_map/occ_map.hpp
-- Up-to-date symlink: /home/nvidia/gestelt_ws/src/gestelt2/install/occ_map/include/occ_map/occ_map/visibility_control.h
-- Up-to-date symlink: /home/nvidia/gestelt_ws/src/gestelt2/install/occ_map/share/occ_map/environment/library_path.sh
-- Up-to-date symlink: /home/nvidia/gestelt_ws/src/gestelt2/install/occ_map/share/occ_map/environment/library_path.dsv
-- Up-to-date symlink: /home/nvidia/gestelt_ws/src/gestelt2/install/occ_map/share/ament_index/resource_index/package_run_dependencies/occ_map
-- Up-to-date symlink: /home/nvidia/gestelt_ws/src/gestelt2/install/occ_map/share/ament_index/resource_index/parent_prefix_path/occ_map
-- Up-to-date symlink: /home/nvidia/gestelt_ws/src/gestelt2/install/occ_map/share/occ_map/environment/ament_prefix_path.sh
-- Up-to-date symlink: /home/nvidia/gestelt_ws/src/gestelt2/install/occ_map/share/occ_map/environment/ament_prefix_path.dsv
-- Up-to-date symlink: /home/nvidia/gestelt_ws/src/gestelt2/install/occ_map/share/occ_map/environment/path.sh
-- Up-to-date symlink: /home/nvidia/gestelt_ws/src/gestelt2/install/occ_map/share/occ_map/environment/path.dsv
-- Up-to-date symlink: /home/nvidia/gestelt_ws/src/gestelt2/install/occ_map/share/occ_map/local_setup.bash
-- Up-to-date symlink: /home/nvidia/gestelt_ws/src/gestelt2/install/occ_map/share/occ_map/local_setup.sh
-- Up-to-date symlink: /home/nvidia/gestelt_ws/src/gestelt2/install/occ_map/share/occ_map/local_setup.zsh
-- Up-to-date symlink: /home/nvidia/gestelt_ws/src/gestelt2/install/occ_map/share/occ_map/local_setup.dsv
-- Symlinking: /home/nvidia/gestelt_ws/src/gestelt2/install/occ_map/share/occ_map/package.dsv
-- Up-to-date symlink: /home/nvidia/gestelt_ws/src/gestelt2/install/occ_map/share/ament_index/resource_index/packages/occ_map
-- Up-to-date symlink: /home/nvidia/gestelt_ws/src/gestelt2/install/occ_map/share/occ_map/cmake/ament_cmake_export_include_directories-extras.cmake
-- Up-to-date symlink: /home/nvidia/gestelt_ws/src/gestelt2/install/occ_map/share/occ_map/cmake/ament_cmake_export_libraries-extras.cmake
-- Up-to-date symlink: /home/nvidia/gestelt_ws/src/gestelt2/install/occ_map/share/occ_map/cmake/ament_cmake_export_targets-extras.cmake
-- Up-to-date symlink: /home/nvidia/gestelt_ws/src/gestelt2/install/occ_map/share/occ_map/cmake/ament_cmake_export_dependencies-extras.cmake
-- Up-to-date symlink: /home/nvidia/gestelt_ws/src/gestelt2/install/occ_map/share/occ_map/cmake/occ_mapConfig.cmake
-- Up-to-date symlink: /home/nvidia/gestelt_ws/src/gestelt2/install/occ_map/share/occ_map/cmake/occ_mapConfig-version.cmake
-- Up-to-date symlink: /home/nvidia/gestelt_ws/src/gestelt2/install/occ_map/share/occ_map/package.xml
-- Up-to-date: /home/nvidia/gestelt_ws/src/gestelt2/install/occ_map/lib/libocc_map.so
-- Up-to-date: /home/nvidia/gestelt_ws/src/gestelt2/install/occ_map/share/occ_map/cmake/export_occ_mapExport.cmake
-- Up-to-date: /home/nvidia/gestelt_ws/src/gestelt2/install/occ_map/share/occ_map/cmake/export_occ_mapExport-release.cmake
