-- Found ament_cmake: 1.3.11 (/opt/ros/humble/share/ament_cmake/cmake)
-- Override CMake install command with custom implementation using symlinks instead of copying resources
-- Eigen found (include: /usr/include/eigen3, version: 3.4.0)
-- FLANN found (include: /usr/include, lib: /usr/lib/aarch64-linux-gnu/libflann_cpp.so)
-- OpenNI found (version: 1.5.4.0, include: /usr/include/ni, lib: /usr/lib/libOpenNI.so;libusb::libusb)
-- OpenNI2 found (version: 2.2.0.33, include: /usr/include/openni2, lib: /usr/lib/aarch64-linux-gnu/libOpenNI2.so;libusb::libusb)
-- Eigen found (include: /usr/include/eigen3, version: 3.4.0)
-- OpenNI found (version: 1.5.4.0, include: /usr/include/ni, lib: /usr/lib/libOpenNI.so;libusb::libusb)
-- OpenNI2 found (version: 2.2.0.33, include: /usr/include/openni2, lib: /usr/lib/aarch64-linux-gnu/libOpenNI2.so;libusb::libusb)
-- Found Qhull version 8.0.2
-- OpenNI found (version: 1.5.4.0, include: /usr/include/ni, lib: /usr/lib/libOpenNI.so;libusb::libusb)
-- looking for PCL_COMMON
-- looking for PCL_KDTREE
-- looking for PCL_OCTREE
-- looking for PCL_SEARCH
-- looking for PCL_SAMPLE_CONSENSUS
-- looking for PCL_FILTERS
-- looking for PCL_2D
-- looking for PCL_GEOMETRY
-- looking for PCL_IO
-- looking for PCL_FEATURES
-- looking for PCL_ML
-- looking for PCL_SEGMENTATION
-- looking for PCL_VISUALIZATION
-- looking for PCL_SURFACE
-- looking for PCL_REGISTRATION
-- looking for PCL_KEYPOINTS
-- looking for PCL_TRACKING
-- looking for PCL_RECOGNITION
-- looking for PCL_STEREO
-- looking for PCL_APPS
-- looking for PCL_IN_HAND_SCANNER
-- looking for PCL_MODELER
-- looking for PCL_POINT_CLOUD_EDITOR
-- looking for PCL_OUTOFCORE
-- looking for PCL_PEOPLE
-- Found pcl_conversions: 2.4.5 (/opt/ros/humble/share/pcl_conversions/cmake)
-- Found rosidl_generator_c: 3.1.6 (/opt/ros/humble/share/rosidl_generator_c/cmake)
-- Found rosidl_adapter: 3.1.6 (/opt/ros/humble/share/rosidl_adapter/cmake)
-- Found rosidl_generator_cpp: 3.1.6 (/opt/ros/humble/share/rosidl_generator_cpp/cmake)
-- Using all available rosidl_typesupport_c: rosidl_typesupport_fastrtps_c;rosidl_typesupport_introspection_c
-- Using all available rosidl_typesupport_cpp: rosidl_typesupport_fastrtps_cpp;rosidl_typesupport_introspection_cpp
-- Found rmw_implementation_cmake: 6.1.2 (/opt/ros/humble/share/rmw_implementation_cmake/cmake)
-- Found rmw_fastrtps_cpp: 6.2.7 (/opt/ros/humble/share/rmw_fastrtps_cpp/cmake)
-- Using RMW implementation 'rmw_fastrtps_cpp' as default
-- Found nav_msgs: 4.8.0 (/opt/ros/humble/share/nav_msgs/cmake)
-- Found tf2: 0.25.12 (/opt/ros/humble/share/tf2/cmake)
-- Found tf2_ros: 0.25.12 (/opt/ros/humble/share/tf2_ros/cmake)
-- Found tf2_eigen: 0.25.12 (/opt/ros/humble/share/tf2_eigen/cmake)
-- Found ament_lint_auto: 0.12.12 (/opt/ros/humble/share/ament_lint_auto/cmake)
-- Added test 'cppcheck' to perform static code analysis on C / C++ code
-- Configured cppcheck include dirs: $<BUILD_INTERFACE:/home/nvidia/gestelt_ws/src/gestelt2/swarm_tools/fake_sensor/include>
-- Configured cppcheck exclude dirs and/or files: 
-- Added test 'lint_cmake' to check CMake code style
-- Added test 'uncrustify' to check C / C++ code style
-- Configured uncrustify additional arguments: 
-- Added test 'xmllint' to check XML markup files
-- Configuring done
-- Generating done
-- Build files have been written to: /home/nvidia/gestelt_ws/src/gestelt2/build/fake_sensor
[35m[1mConsolidate compiler generated dependencies of target fake_sensor_node[0m
[ 33%] [32mBuilding CXX object CMakeFiles/fake_sensor_node.dir/src/fake_sensor_node.cpp.o[0m
[ 66%] [32mBuilding CXX object CMakeFiles/fake_sensor_node.dir/src/fake_sensor.cpp.o[0m
[100%] [32m[1mLinking CXX executable fake_sensor_node[0m
[100%] Built target fake_sensor_node
-- Install configuration: "Release"
-- Execute custom install script
-- Symlinking: /home/nvidia/gestelt_ws/src/gestelt2/install/fake_sensor/share/fake_sensor//config/fake_sensor.yaml
-- Up-to-date symlink: /home/nvidia/gestelt_ws/src/gestelt2/install/fake_sensor/lib/fake_sensor/fake_sensor_node
-- Symlinking: /home/nvidia/gestelt_ws/src/gestelt2/install/fake_sensor/share/ament_index/resource_index/package_run_dependencies/fake_sensor
-- Symlinking: /home/nvidia/gestelt_ws/src/gestelt2/install/fake_sensor/share/ament_index/resource_index/parent_prefix_path/fake_sensor
-- Symlinking: /home/nvidia/gestelt_ws/src/gestelt2/install/fake_sensor/share/fake_sensor/environment/ament_prefix_path.sh
-- Symlinking: /home/nvidia/gestelt_ws/src/gestelt2/install/fake_sensor/share/fake_sensor/environment/ament_prefix_path.dsv
-- Symlinking: /home/nvidia/gestelt_ws/src/gestelt2/install/fake_sensor/share/fake_sensor/environment/path.sh
-- Symlinking: /home/nvidia/gestelt_ws/src/gestelt2/install/fake_sensor/share/fake_sensor/environment/path.dsv
-- Symlinking: /home/nvidia/gestelt_ws/src/gestelt2/install/fake_sensor/share/fake_sensor/local_setup.bash
-- Symlinking: /home/nvidia/gestelt_ws/src/gestelt2/install/fake_sensor/share/fake_sensor/local_setup.sh
-- Symlinking: /home/nvidia/gestelt_ws/src/gestelt2/install/fake_sensor/share/fake_sensor/local_setup.zsh
-- Symlinking: /home/nvidia/gestelt_ws/src/gestelt2/install/fake_sensor/share/fake_sensor/local_setup.dsv
-- Symlinking: /home/nvidia/gestelt_ws/src/gestelt2/install/fake_sensor/share/fake_sensor/package.dsv
-- Symlinking: /home/nvidia/gestelt_ws/src/gestelt2/install/fake_sensor/share/ament_index/resource_index/packages/fake_sensor
-- Symlinking: /home/nvidia/gestelt_ws/src/gestelt2/install/fake_sensor/share/fake_sensor/cmake/fake_sensorConfig.cmake
-- Symlinking: /home/nvidia/gestelt_ws/src/gestelt2/install/fake_sensor/share/fake_sensor/cmake/fake_sensorConfig-version.cmake
-- Symlinking: /home/nvidia/gestelt_ws/src/gestelt2/install/fake_sensor/share/fake_sensor/package.xml
