[1.866s] Invoking command in '/home/nvidia/gestelt_ws/src/gestelt2/build/gestelt_commander': PYTHONPATH=/home/nvidia/gestelt_ws/src/gestelt2/build/gestelt_commander/prefix_override:/usr/lib/python3/dist-packages/colcon_core/task/python/colcon_distutils_commands:/home/nvidia/gestelt_ws/src/gestelt2/install/gestelt_commander/lib/python3.10/site-packages:${PYTHONPATH} /usr/bin/python3 -W ignore:setup.py install is deprecated -W ignore:easy_install command is deprecated setup.py develop --editable --build-directory /home/nvidia/gestelt_ws/src/gestelt2/build/gestelt_commander/build --no-deps symlink_data
[2.581s] running develop
[3.047s] running egg_info
[3.047s] writing gestelt_commander.egg-info/PKG-INFO
[3.049s] writing dependency_links to gestelt_commander.egg-info/dependency_links.txt
[3.049s] writing entry points to gestelt_commander.egg-info/entry_points.txt
[3.049s] writing requirements to gestelt_commander.egg-info/requires.txt
[3.049s] writing top-level names to gestelt_commander.egg-info/top_level.txt
[3.059s] reading manifest file 'gestelt_commander.egg-info/SOURCES.txt'
[3.063s] writing manifest file 'gestelt_commander.egg-info/SOURCES.txt'
[3.068s] running build_ext
[3.068s] Creating /home/nvidia/gestelt_ws/src/gestelt2/install/gestelt_commander/lib/python3.10/site-packages/gestelt-commander.egg-link (link to .)
[3.071s] Installing land script to /home/nvidia/gestelt_ws/src/gestelt2/install/gestelt_commander/lib/gestelt_commander
[3.071s] Installing land_sim script to /home/nvidia/gestelt_ws/src/gestelt2/install/gestelt_commander/lib/gestelt_commander
[3.072s] Installing test_planning script to /home/nvidia/gestelt_ws/src/gestelt2/install/gestelt_commander/lib/gestelt_commander
[3.072s] Installing test_point_goal script to /home/nvidia/gestelt_ws/src/gestelt2/install/gestelt_commander/lib/gestelt_commander
[3.072s] Installing test_point_goal_sim script to /home/nvidia/gestelt_ws/src/gestelt2/install/gestelt_commander/lib/gestelt_commander
[3.073s] Installing test_send_cmds script to /home/nvidia/gestelt_ws/src/gestelt2/install/gestelt_commander/lib/gestelt_commander
[3.073s] Installing test_take_off_goal script to /home/nvidia/gestelt_ws/src/gestelt2/install/gestelt_commander/lib/gestelt_commander
[3.074s] Installing test_take_off_goal_sim script to /home/nvidia/gestelt_ws/src/gestelt2/install/gestelt_commander/lib/gestelt_commander
[3.074s] Installing test_take_off_point_goal script to /home/nvidia/gestelt_ws/src/gestelt2/install/gestelt_commander/lib/gestelt_commander
[3.074s] 
[3.074s] Installed /home/nvidia/gestelt_ws/src/gestelt2/build/gestelt_commander
[3.075s] running symlink_data
[3.075s] creating /home/nvidia/gestelt_ws/src/gestelt2/install/gestelt_commander/share/ament_index
[3.075s] creating /home/nvidia/gestelt_ws/src/gestelt2/install/gestelt_commander/share/ament_index/resource_index
[3.075s] creating /home/nvidia/gestelt_ws/src/gestelt2/install/gestelt_commander/share/ament_index/resource_index/packages
[3.075s] symbolically linking /home/nvidia/gestelt_ws/src/gestelt2/build/gestelt_commander/resource/gestelt_commander -> /home/nvidia/gestelt_ws/src/gestelt2/install/gestelt_commander/share/ament_index/resource_index/packages
[3.075s] symbolically linking /home/nvidia/gestelt_ws/src/gestelt2/build/gestelt_commander/package.xml -> /home/nvidia/gestelt_ws/src/gestelt2/install/gestelt_commander/share/gestelt_commander
[3.076s] symbolically linking /home/nvidia/gestelt_ws/src/gestelt2/build/gestelt_commander/scenarios.json -> /home/nvidia/gestelt_ws/src/gestelt2/install/gestelt_commander/share/gestelt_commander
[3.187s] Invoked command in '/home/nvidia/gestelt_ws/src/gestelt2/build/gestelt_commander' returned '0': PYTHONPATH=/home/nvidia/gestelt_ws/src/gestelt2/build/gestelt_commander/prefix_override:/usr/lib/python3/dist-packages/colcon_core/task/python/colcon_distutils_commands:/home/nvidia/gestelt_ws/src/gestelt2/install/gestelt_commander/lib/python3.10/site-packages:${PYTHONPATH} /usr/bin/python3 -W ignore:setup.py install is deprecated -W ignore:easy_install command is deprecated setup.py develop --editable --build-directory /home/nvidia/gestelt_ws/src/gestelt2/build/gestelt_commander/build --no-deps symlink_data
