-- Install configuration: "Release"
-- Execute custom install script
-- Up-to-date symlink: /home/nvidia/gestelt_ws/src/gestelt2/install/gestelt_core/include/gestelt_core/gestelt_core/controller.hpp
-- Up-to-date symlink: /home/nvidia/gestelt_ws/src/gestelt2/install/gestelt_core/include/gestelt_core/gestelt_core/controller_exceptions.hpp
-- Up-to-date symlink: /home/nvidia/gestelt_ws/src/gestelt2/install/gestelt_core/include/gestelt_core/gestelt_core/global_planner.hpp
-- Up-to-date symlink: /home/nvidia/gestelt_ws/src/gestelt2/install/gestelt_core/include/gestelt_core/gestelt_core/goal_checker.hpp
-- Up-to-date symlink: /home/nvidia/gestelt_ws/src/gestelt2/install/gestelt_core/include/gestelt_core/gestelt_core/planner_exceptions.hpp
-- Up-to-date symlink: /home/nvidia/gestelt_ws/src/gestelt2/install/gestelt_core/include/gestelt_core/gestelt_core/progress_checker.hpp
-- Up-to-date symlink: /home/nvidia/gestelt_ws/src/gestelt2/install/gestelt_core/share/ament_index/resource_index/package_run_dependencies/gestelt_core
-- Up-to-date symlink: /home/nvidia/gestelt_ws/src/gestelt2/install/gestelt_core/share/ament_index/resource_index/parent_prefix_path/gestelt_core
-- Up-to-date symlink: /home/nvidia/gestelt_ws/src/gestelt2/install/gestelt_core/share/gestelt_core/environment/ament_prefix_path.sh
-- Up-to-date symlink: /home/nvidia/gestelt_ws/src/gestelt2/install/gestelt_core/share/gestelt_core/environment/ament_prefix_path.dsv
-- Up-to-date symlink: /home/nvidia/gestelt_ws/src/gestelt2/install/gestelt_core/share/gestelt_core/environment/path.sh
-- Up-to-date symlink: /home/nvidia/gestelt_ws/src/gestelt2/install/gestelt_core/share/gestelt_core/environment/path.dsv
-- Up-to-date symlink: /home/nvidia/gestelt_ws/src/gestelt2/install/gestelt_core/share/gestelt_core/local_setup.bash
-- Up-to-date symlink: /home/nvidia/gestelt_ws/src/gestelt2/install/gestelt_core/share/gestelt_core/local_setup.sh
-- Up-to-date symlink: /home/nvidia/gestelt_ws/src/gestelt2/install/gestelt_core/share/gestelt_core/local_setup.zsh
-- Up-to-date symlink: /home/nvidia/gestelt_ws/src/gestelt2/install/gestelt_core/share/gestelt_core/local_setup.dsv
-- Symlinking: /home/nvidia/gestelt_ws/src/gestelt2/install/gestelt_core/share/gestelt_core/package.dsv
-- Up-to-date symlink: /home/nvidia/gestelt_ws/src/gestelt2/install/gestelt_core/share/ament_index/resource_index/packages/gestelt_core
-- Up-to-date symlink: /home/nvidia/gestelt_ws/src/gestelt2/install/gestelt_core/share/gestelt_core/cmake/ament_cmake_export_include_directories-extras.cmake
-- Up-to-date symlink: /home/nvidia/gestelt_ws/src/gestelt2/install/gestelt_core/share/gestelt_core/cmake/ament_cmake_export_dependencies-extras.cmake
-- Up-to-date symlink: /home/nvidia/gestelt_ws/src/gestelt2/install/gestelt_core/share/gestelt_core/cmake/ament_cmake_export_targets-extras.cmake
-- Up-to-date symlink: /home/nvidia/gestelt_ws/src/gestelt2/install/gestelt_core/share/gestelt_core/cmake/gestelt_coreConfig.cmake
-- Up-to-date symlink: /home/nvidia/gestelt_ws/src/gestelt2/install/gestelt_core/share/gestelt_core/cmake/gestelt_coreConfig-version.cmake
-- Up-to-date symlink: /home/nvidia/gestelt_ws/src/gestelt2/install/gestelt_core/share/gestelt_core/package.xml
-- Up-to-date: /home/nvidia/gestelt_ws/src/gestelt2/install/gestelt_core/share/gestelt_core/cmake/gestelt_coreExport.cmake
