[0.097s] Invoking command in '/home/nvidia/gestelt_ws/src/gestelt2/build/decomp_ros_msgs': CMAKE_PREFIX_PATH=${CMAKE_PREFIX_PATH}:/home/nvidia/gestelt_ws/install/gestelt_commander:/home/nvidia/tl_vision2/install/vision:/home/nvidia/bridge_ws/install/vilota_bridge:/opt/ros/humble /usr/bin/cmake --build /home/nvidia/gestelt_ws/src/gestelt2/build/decomp_ros_msgs -- -j8 -l8
[0.224s] [  1%] Built target decomp_ros_msgs__cpp
[0.231s] [ 12%] Built target decomp_ros_msgs__rosidl_generator_c
[0.267s] [ 12%] Built target ament_cmake_python_symlink_decomp_ros_msgs
[0.332s] [ 23%] Built target decomp_ros_msgs__rosidl_typesupport_fastrtps_cpp
[0.332s] [ 34%] Built target decomp_ros_msgs__rosidl_typesupport_cpp
[0.364s] [ 45%] Built target decomp_ros_msgs__rosidl_typesupport_fastrtps_c
[0.371s] [ 56%] Built target decomp_ros_msgs__rosidl_typesupport_introspection_cpp
[0.413s] [ 67%] Built target decomp_ros_msgs__rosidl_typesupport_c
[0.447s] [ 78%] Built target decomp_ros_msgs__rosidl_typesupport_introspection_c
[0.490s] [ 78%] Built target decomp_ros_msgs
[0.547s] [ 80%] Built target decomp_ros_msgs__py
[0.614s] [ 89%] Built target decomp_ros_msgs__rosidl_generator_py
[0.691s] [ 92%] Built target decomp_ros_msgs__rosidl_typesupport_fastrtps_c__pyext
[0.692s] [ 96%] Built target decomp_ros_msgs__rosidl_typesupport_introspection_c__pyext
[0.711s] [100%] Built target decomp_ros_msgs__rosidl_typesupport_c__pyext
[0.984s] running egg_info
[0.985s] writing decomp_ros_msgs.egg-info/PKG-INFO
[0.985s] writing dependency_links to decomp_ros_msgs.egg-info/dependency_links.txt
[0.986s] writing top-level names to decomp_ros_msgs.egg-info/top_level.txt
[0.991s] reading manifest file 'decomp_ros_msgs.egg-info/SOURCES.txt'
[0.992s] writing manifest file 'decomp_ros_msgs.egg-info/SOURCES.txt'
[1.074s] [100%] Built target ament_cmake_python_build_decomp_ros_msgs_egg
[1.430s] Invoked command in '/home/nvidia/gestelt_ws/src/gestelt2/build/decomp_ros_msgs' returned '0': CMAKE_PREFIX_PATH=${CMAKE_PREFIX_PATH}:/home/nvidia/gestelt_ws/install/gestelt_commander:/home/nvidia/tl_vision2/install/vision:/home/nvidia/bridge_ws/install/vilota_bridge:/opt/ros/humble /usr/bin/cmake --build /home/nvidia/gestelt_ws/src/gestelt2/build/decomp_ros_msgs -- -j8 -l8
[1.432s] Invoking command in '/home/nvidia/gestelt_ws/src/gestelt2/build/decomp_ros_msgs': CMAKE_PREFIX_PATH=${CMAKE_PREFIX_PATH}:/home/nvidia/gestelt_ws/install/gestelt_commander:/home/nvidia/tl_vision2/install/vision:/home/nvidia/bridge_ws/install/vilota_bridge:/opt/ros/humble /usr/bin/cmake --install /home/nvidia/gestelt_ws/src/gestelt2/build/decomp_ros_msgs
[1.457s] -- Install configuration: ""
[1.457s] -- Execute custom install script
[1.459s] -- Up-to-date symlink: /home/nvidia/gestelt_ws/src/gestelt2/install/decomp_ros_msgs/share/ament_index/resource_index/rosidl_interfaces/decomp_ros_msgs
[1.460s] -- Up-to-date symlink: /home/nvidia/gestelt_ws/src/gestelt2/install/decomp_ros_msgs/include/decomp_ros_msgs/decomp_ros_msgs/msg/detail/ellipsoid__functions.h
[1.462s] -- Up-to-date symlink: /home/nvidia/gestelt_ws/src/gestelt2/install/decomp_ros_msgs/include/decomp_ros_msgs/decomp_ros_msgs/msg/detail/ellipsoid__struct.h
[1.471s] -- Up-to-date symlink: /home/nvidia/gestelt_ws/src/gestelt2/install/decomp_ros_msgs/include/decomp_ros_msgs/decomp_ros_msgs/msg/detail/ellipsoid__type_support.h
[1.477s] -- Up-to-date symlink: /home/nvidia/gestelt_ws/src/gestelt2/install/decomp_ros_msgs/include/decomp_ros_msgs/decomp_ros_msgs/msg/detail/ellipsoid_array__functions.h
[1.487s] -- Up-to-date symlink: /home/nvidia/gestelt_ws/src/gestelt2/install/decomp_ros_msgs/include/decomp_ros_msgs/decomp_ros_msgs/msg/detail/ellipsoid_array__struct.h
[1.487s] -- Up-to-date symlink: /home/nvidia/gestelt_ws/src/gestelt2/install/decomp_ros_msgs/include/decomp_ros_msgs/decomp_ros_msgs/msg/detail/ellipsoid_array__type_support.h
[1.488s] -- Up-to-date symlink: /home/nvidia/gestelt_ws/src/gestelt2/install/decomp_ros_msgs/include/decomp_ros_msgs/decomp_ros_msgs/msg/detail/polyhedron__functions.h
[1.488s] -- Up-to-date symlink: /home/nvidia/gestelt_ws/src/gestelt2/install/decomp_ros_msgs/include/decomp_ros_msgs/decomp_ros_msgs/msg/detail/polyhedron__struct.h
[1.488s] -- Up-to-date symlink: /home/nvidia/gestelt_ws/src/gestelt2/install/decomp_ros_msgs/include/decomp_ros_msgs/decomp_ros_msgs/msg/detail/polyhedron__type_support.h
[1.488s] -- Up-to-date symlink: /home/nvidia/gestelt_ws/src/gestelt2/install/decomp_ros_msgs/include/decomp_ros_msgs/decomp_ros_msgs/msg/detail/polyhedron_array__functions.h
[1.490s] -- Up-to-date symlink: /home/nvidia/gestelt_ws/src/gestelt2/install/decomp_ros_msgs/include/decomp_ros_msgs/decomp_ros_msgs/msg/detail/polyhedron_array__struct.h
[1.492s] -- Up-to-date symlink: /home/nvidia/gestelt_ws/src/gestelt2/install/decomp_ros_msgs/include/decomp_ros_msgs/decomp_ros_msgs/msg/detail/polyhedron_array__type_support.h
[1.492s] -- Up-to-date symlink: /home/nvidia/gestelt_ws/src/gestelt2/install/decomp_ros_msgs/include/decomp_ros_msgs/decomp_ros_msgs/msg/ellipsoid.h
[1.492s] -- Up-to-date symlink: /home/nvidia/gestelt_ws/src/gestelt2/install/decomp_ros_msgs/include/decomp_ros_msgs/decomp_ros_msgs/msg/ellipsoid_array.h
[1.493s] -- Up-to-date symlink: /home/nvidia/gestelt_ws/src/gestelt2/install/decomp_ros_msgs/include/decomp_ros_msgs/decomp_ros_msgs/msg/polyhedron.h
[1.493s] -- Up-to-date symlink: /home/nvidia/gestelt_ws/src/gestelt2/install/decomp_ros_msgs/include/decomp_ros_msgs/decomp_ros_msgs/msg/polyhedron_array.h
[1.493s] -- Up-to-date symlink: /home/nvidia/gestelt_ws/src/gestelt2/install/decomp_ros_msgs/include/decomp_ros_msgs/decomp_ros_msgs/msg/rosidl_generator_c__visibility_control.h
[1.494s] -- Up-to-date symlink: /home/nvidia/gestelt_ws/src/gestelt2/install/decomp_ros_msgs/share/decomp_ros_msgs/environment/library_path.sh
[1.494s] -- Up-to-date symlink: /home/nvidia/gestelt_ws/src/gestelt2/install/decomp_ros_msgs/share/decomp_ros_msgs/environment/library_path.dsv
[1.496s] -- Up-to-date symlink: /home/nvidia/gestelt_ws/src/gestelt2/install/decomp_ros_msgs/include/decomp_ros_msgs/decomp_ros_msgs/msg/detail/ellipsoid__rosidl_typesupport_fastrtps_c.h
[1.499s] -- Up-to-date symlink: /home/nvidia/gestelt_ws/src/gestelt2/install/decomp_ros_msgs/include/decomp_ros_msgs/decomp_ros_msgs/msg/detail/ellipsoid_array__rosidl_typesupport_fastrtps_c.h
[1.499s] -- Up-to-date symlink: /home/nvidia/gestelt_ws/src/gestelt2/install/decomp_ros_msgs/include/decomp_ros_msgs/decomp_ros_msgs/msg/detail/polyhedron__rosidl_typesupport_fastrtps_c.h
[1.500s] -- Up-to-date symlink: /home/nvidia/gestelt_ws/src/gestelt2/install/decomp_ros_msgs/include/decomp_ros_msgs/decomp_ros_msgs/msg/detail/polyhedron_array__rosidl_typesupport_fastrtps_c.h
[1.500s] -- Up-to-date symlink: /home/nvidia/gestelt_ws/src/gestelt2/install/decomp_ros_msgs/include/decomp_ros_msgs/decomp_ros_msgs/msg/rosidl_typesupport_fastrtps_c__visibility_control.h
[1.502s] -- Up-to-date symlink: /home/nvidia/gestelt_ws/src/gestelt2/install/decomp_ros_msgs/include/decomp_ros_msgs/decomp_ros_msgs/msg/detail/ellipsoid__rosidl_typesupport_introspection_c.h
[1.505s] -- Up-to-date symlink: /home/nvidia/gestelt_ws/src/gestelt2/install/decomp_ros_msgs/include/decomp_ros_msgs/decomp_ros_msgs/msg/detail/ellipsoid_array__rosidl_typesupport_introspection_c.h
[1.507s] -- Up-to-date symlink: /home/nvidia/gestelt_ws/src/gestelt2/install/decomp_ros_msgs/include/decomp_ros_msgs/decomp_ros_msgs/msg/detail/polyhedron__rosidl_typesupport_introspection_c.h
[1.507s] -- Up-to-date symlink: /home/nvidia/gestelt_ws/src/gestelt2/install/decomp_ros_msgs/include/decomp_ros_msgs/decomp_ros_msgs/msg/detail/polyhedron_array__rosidl_typesupport_introspection_c.h
[1.508s] -- Up-to-date symlink: /home/nvidia/gestelt_ws/src/gestelt2/install/decomp_ros_msgs/include/decomp_ros_msgs/decomp_ros_msgs/msg/rosidl_typesupport_introspection_c__visibility_control.h
[1.508s] -- Up-to-date symlink: /home/nvidia/gestelt_ws/src/gestelt2/install/decomp_ros_msgs/include/decomp_ros_msgs/decomp_ros_msgs/msg/detail/ellipsoid__builder.hpp
[1.508s] -- Up-to-date symlink: /home/nvidia/gestelt_ws/src/gestelt2/install/decomp_ros_msgs/include/decomp_ros_msgs/decomp_ros_msgs/msg/detail/ellipsoid__struct.hpp
[1.509s] -- Up-to-date symlink: /home/nvidia/gestelt_ws/src/gestelt2/install/decomp_ros_msgs/include/decomp_ros_msgs/decomp_ros_msgs/msg/detail/ellipsoid__traits.hpp
[1.509s] -- Up-to-date symlink: /home/nvidia/gestelt_ws/src/gestelt2/install/decomp_ros_msgs/include/decomp_ros_msgs/decomp_ros_msgs/msg/detail/ellipsoid__type_support.hpp
[1.510s] -- Up-to-date symlink: /home/nvidia/gestelt_ws/src/gestelt2/install/decomp_ros_msgs/include/decomp_ros_msgs/decomp_ros_msgs/msg/detail/ellipsoid_array__builder.hpp
[1.510s] -- Up-to-date symlink: /home/nvidia/gestelt_ws/src/gestelt2/install/decomp_ros_msgs/include/decomp_ros_msgs/decomp_ros_msgs/msg/detail/ellipsoid_array__struct.hpp
[1.510s] -- Up-to-date symlink: /home/nvidia/gestelt_ws/src/gestelt2/install/decomp_ros_msgs/include/decomp_ros_msgs/decomp_ros_msgs/msg/detail/ellipsoid_array__traits.hpp
[1.510s] -- Up-to-date symlink: /home/nvidia/gestelt_ws/src/gestelt2/install/decomp_ros_msgs/include/decomp_ros_msgs/decomp_ros_msgs/msg/detail/ellipsoid_array__type_support.hpp
[1.511s] -- Up-to-date symlink: /home/nvidia/gestelt_ws/src/gestelt2/install/decomp_ros_msgs/include/decomp_ros_msgs/decomp_ros_msgs/msg/detail/polyhedron__builder.hpp
[1.511s] -- Up-to-date symlink: /home/nvidia/gestelt_ws/src/gestelt2/install/decomp_ros_msgs/include/decomp_ros_msgs/decomp_ros_msgs/msg/detail/polyhedron__struct.hpp
[1.530s] -- Up-to-date symlink: /home/nvidia/gestelt_ws/src/gestelt2/install/decomp_ros_msgs/include/decomp_ros_msgs/decomp_ros_msgs/msg/detail/polyhedron__traits.hpp
[1.530s] -- Up-to-date symlink: /home/nvidia/gestelt_ws/src/gestelt2/install/decomp_ros_msgs/include/decomp_ros_msgs/decomp_ros_msgs/msg/detail/polyhedron__type_support.hpp
[1.530s] -- Up-to-date symlink: /home/nvidia/gestelt_ws/src/gestelt2/install/decomp_ros_msgs/include/decomp_ros_msgs/decomp_ros_msgs/msg/detail/polyhedron_array__builder.hpp
[1.532s] -- Up-to-date symlink: /home/nvidia/gestelt_ws/src/gestelt2/install/decomp_ros_msgs/include/decomp_ros_msgs/decomp_ros_msgs/msg/detail/polyhedron_array__struct.hpp
[1.532s] -- Up-to-date symlink: /home/nvidia/gestelt_ws/src/gestelt2/install/decomp_ros_msgs/include/decomp_ros_msgs/decomp_ros_msgs/msg/detail/polyhedron_array__traits.hpp
[1.532s] -- Up-to-date symlink: /home/nvidia/gestelt_ws/src/gestelt2/install/decomp_ros_msgs/include/decomp_ros_msgs/decomp_ros_msgs/msg/detail/polyhedron_array__type_support.hpp
[1.532s] -- Up-to-date symlink: /home/nvidia/gestelt_ws/src/gestelt2/install/decomp_ros_msgs/include/decomp_ros_msgs/decomp_ros_msgs/msg/ellipsoid.hpp
[1.532s] -- Up-to-date symlink: /home/nvidia/gestelt_ws/src/gestelt2/install/decomp_ros_msgs/include/decomp_ros_msgs/decomp_ros_msgs/msg/ellipsoid_array.hpp
[1.532s] -- Up-to-date symlink: /home/nvidia/gestelt_ws/src/gestelt2/install/decomp_ros_msgs/include/decomp_ros_msgs/decomp_ros_msgs/msg/polyhedron.hpp
[1.532s] -- Up-to-date symlink: /home/nvidia/gestelt_ws/src/gestelt2/install/decomp_ros_msgs/include/decomp_ros_msgs/decomp_ros_msgs/msg/polyhedron_array.hpp
[1.533s] -- Up-to-date symlink: /home/nvidia/gestelt_ws/src/gestelt2/install/decomp_ros_msgs/include/decomp_ros_msgs/decomp_ros_msgs/msg/rosidl_generator_cpp__visibility_control.hpp
[1.533s] -- Up-to-date symlink: /home/nvidia/gestelt_ws/src/gestelt2/install/decomp_ros_msgs/include/decomp_ros_msgs/decomp_ros_msgs/msg/detail/ellipsoid__rosidl_typesupport_fastrtps_cpp.hpp
[1.533s] -- Up-to-date symlink: /home/nvidia/gestelt_ws/src/gestelt2/install/decomp_ros_msgs/include/decomp_ros_msgs/decomp_ros_msgs/msg/detail/ellipsoid_array__rosidl_typesupport_fastrtps_cpp.hpp
[1.533s] -- Up-to-date symlink: /home/nvidia/gestelt_ws/src/gestelt2/install/decomp_ros_msgs/include/decomp_ros_msgs/decomp_ros_msgs/msg/detail/polyhedron__rosidl_typesupport_fastrtps_cpp.hpp
[1.533s] -- Up-to-date symlink: /home/nvidia/gestelt_ws/src/gestelt2/install/decomp_ros_msgs/include/decomp_ros_msgs/decomp_ros_msgs/msg/detail/polyhedron_array__rosidl_typesupport_fastrtps_cpp.hpp
[1.533s] -- Up-to-date symlink: /home/nvidia/gestelt_ws/src/gestelt2/install/decomp_ros_msgs/include/decomp_ros_msgs/decomp_ros_msgs/msg/rosidl_typesupport_fastrtps_cpp__visibility_control.h
[1.533s] -- Up-to-date symlink: /home/nvidia/gestelt_ws/src/gestelt2/install/decomp_ros_msgs/include/decomp_ros_msgs/decomp_ros_msgs/msg/detail/ellipsoid__rosidl_typesupport_introspection_cpp.hpp
[1.534s] -- Up-to-date symlink: /home/nvidia/gestelt_ws/src/gestelt2/install/decomp_ros_msgs/include/decomp_ros_msgs/decomp_ros_msgs/msg/detail/ellipsoid_array__rosidl_typesupport_introspection_cpp.hpp
[1.534s] -- Up-to-date symlink: /home/nvidia/gestelt_ws/src/gestelt2/install/decomp_ros_msgs/include/decomp_ros_msgs/decomp_ros_msgs/msg/detail/polyhedron__rosidl_typesupport_introspection_cpp.hpp
[1.534s] -- Up-to-date symlink: /home/nvidia/gestelt_ws/src/gestelt2/install/decomp_ros_msgs/include/decomp_ros_msgs/decomp_ros_msgs/msg/detail/polyhedron_array__rosidl_typesupport_introspection_cpp.hpp
[1.534s] -- Up-to-date symlink: /home/nvidia/gestelt_ws/src/gestelt2/install/decomp_ros_msgs/share/decomp_ros_msgs/environment/pythonpath.sh
[1.534s] -- Up-to-date symlink: /home/nvidia/gestelt_ws/src/gestelt2/install/decomp_ros_msgs/share/decomp_ros_msgs/environment/pythonpath.dsv
[1.534s] -- Up-to-date symlink: /home/nvidia/gestelt_ws/src/gestelt2/install/decomp_ros_msgs/local/lib/python3.10/dist-packages/decomp_ros_msgs-0.0.0-py3.10.egg-info/PKG-INFO
[1.535s] -- Up-to-date symlink: /home/nvidia/gestelt_ws/src/gestelt2/install/decomp_ros_msgs/local/lib/python3.10/dist-packages/decomp_ros_msgs-0.0.0-py3.10.egg-info/SOURCES.txt
[1.536s] -- Up-to-date symlink: /home/nvidia/gestelt_ws/src/gestelt2/install/decomp_ros_msgs/local/lib/python3.10/dist-packages/decomp_ros_msgs-0.0.0-py3.10.egg-info/dependency_links.txt
[1.536s] -- Up-to-date symlink: /home/nvidia/gestelt_ws/src/gestelt2/install/decomp_ros_msgs/local/lib/python3.10/dist-packages/decomp_ros_msgs-0.0.0-py3.10.egg-info/top_level.txt
[1.536s] -- Up-to-date symlink: /home/nvidia/gestelt_ws/src/gestelt2/install/decomp_ros_msgs/local/lib/python3.10/dist-packages/decomp_ros_msgs/__init__.py
[1.537s] -- Up-to-date symlink: /home/nvidia/gestelt_ws/src/gestelt2/install/decomp_ros_msgs/local/lib/python3.10/dist-packages/decomp_ros_msgs/_decomp_ros_msgs_s.ep.rosidl_typesupport_c.c
[1.537s] -- Up-to-date symlink: /home/nvidia/gestelt_ws/src/gestelt2/install/decomp_ros_msgs/local/lib/python3.10/dist-packages/decomp_ros_msgs/_decomp_ros_msgs_s.ep.rosidl_typesupport_fastrtps_c.c
[1.537s] -- Up-to-date symlink: /home/nvidia/gestelt_ws/src/gestelt2/install/decomp_ros_msgs/local/lib/python3.10/dist-packages/decomp_ros_msgs/_decomp_ros_msgs_s.ep.rosidl_typesupport_introspection_c.c
[1.537s] -- Up-to-date symlink: /home/nvidia/gestelt_ws/src/gestelt2/install/decomp_ros_msgs/local/lib/python3.10/dist-packages/decomp_ros_msgs/decomp_ros_msgs_s__rosidl_typesupport_c.cpython-310-aarch64-linux-gnu.so
[1.537s] -- Up-to-date symlink: /home/nvidia/gestelt_ws/src/gestelt2/install/decomp_ros_msgs/local/lib/python3.10/dist-packages/decomp_ros_msgs/decomp_ros_msgs_s__rosidl_typesupport_fastrtps_c.cpython-310-aarch64-linux-gnu.so
[1.537s] -- Up-to-date symlink: /home/nvidia/gestelt_ws/src/gestelt2/install/decomp_ros_msgs/local/lib/python3.10/dist-packages/decomp_ros_msgs/decomp_ros_msgs_s__rosidl_typesupport_introspection_c.cpython-310-aarch64-linux-gnu.so
[1.538s] -- Up-to-date symlink: /home/nvidia/gestelt_ws/src/gestelt2/install/decomp_ros_msgs/local/lib/python3.10/dist-packages/decomp_ros_msgs/libdecomp_ros_msgs__rosidl_generator_py.so
[1.538s] -- Up-to-date symlink: /home/nvidia/gestelt_ws/src/gestelt2/install/decomp_ros_msgs/local/lib/python3.10/dist-packages/decomp_ros_msgs/msg/__init__.py
[1.538s] -- Up-to-date symlink: /home/nvidia/gestelt_ws/src/gestelt2/install/decomp_ros_msgs/local/lib/python3.10/dist-packages/decomp_ros_msgs/msg/_ellipsoid.py
[1.541s] -- Up-to-date symlink: /home/nvidia/gestelt_ws/src/gestelt2/install/decomp_ros_msgs/local/lib/python3.10/dist-packages/decomp_ros_msgs/msg/_ellipsoid_array.py
[1.541s] -- Up-to-date symlink: /home/nvidia/gestelt_ws/src/gestelt2/install/decomp_ros_msgs/local/lib/python3.10/dist-packages/decomp_ros_msgs/msg/_ellipsoid_array_s.c
[1.541s] -- Up-to-date symlink: /home/nvidia/gestelt_ws/src/gestelt2/install/decomp_ros_msgs/local/lib/python3.10/dist-packages/decomp_ros_msgs/msg/_ellipsoid_s.c
[1.541s] -- Up-to-date symlink: /home/nvidia/gestelt_ws/src/gestelt2/install/decomp_ros_msgs/local/lib/python3.10/dist-packages/decomp_ros_msgs/msg/_polyhedron.py
[1.541s] -- Up-to-date symlink: /home/nvidia/gestelt_ws/src/gestelt2/install/decomp_ros_msgs/local/lib/python3.10/dist-packages/decomp_ros_msgs/msg/_polyhedron_array.py
[1.541s] -- Up-to-date symlink: /home/nvidia/gestelt_ws/src/gestelt2/install/decomp_ros_msgs/local/lib/python3.10/dist-packages/decomp_ros_msgs/msg/_polyhedron_array_s.c
[1.542s] -- Up-to-date symlink: /home/nvidia/gestelt_ws/src/gestelt2/install/decomp_ros_msgs/local/lib/python3.10/dist-packages/decomp_ros_msgs/msg/_polyhedron_s.c
[1.542s] -- Up-to-date symlink: /home/nvidia/gestelt_ws/src/gestelt2/install/decomp_ros_msgs/local/lib/python3.10/dist-packages/decomp_ros_msgs/decomp_ros_msgs_s__rosidl_typesupport_fastrtps_c.cpython-310-aarch64-linux-gnu.so
[1.542s] -- Up-to-date symlink: /home/nvidia/gestelt_ws/src/gestelt2/install/decomp_ros_msgs/local/lib/python3.10/dist-packages/decomp_ros_msgs/decomp_ros_msgs_s__rosidl_typesupport_introspection_c.cpython-310-aarch64-linux-gnu.so
[1.542s] -- Up-to-date symlink: /home/nvidia/gestelt_ws/src/gestelt2/install/decomp_ros_msgs/local/lib/python3.10/dist-packages/decomp_ros_msgs/decomp_ros_msgs_s__rosidl_typesupport_c.cpython-310-aarch64-linux-gnu.so
[1.542s] -- Up-to-date symlink: /home/nvidia/gestelt_ws/src/gestelt2/install/decomp_ros_msgs/share/decomp_ros_msgs/msg/Ellipsoid.idl
[1.543s] -- Up-to-date symlink: /home/nvidia/gestelt_ws/src/gestelt2/install/decomp_ros_msgs/share/decomp_ros_msgs/msg/EllipsoidArray.idl
[1.543s] -- Up-to-date symlink: /home/nvidia/gestelt_ws/src/gestelt2/install/decomp_ros_msgs/share/decomp_ros_msgs/msg/Polyhedron.idl
[1.543s] -- Up-to-date symlink: /home/nvidia/gestelt_ws/src/gestelt2/install/decomp_ros_msgs/share/decomp_ros_msgs/msg/PolyhedronArray.idl
[1.544s] -- Up-to-date symlink: /home/nvidia/gestelt_ws/src/gestelt2/install/decomp_ros_msgs/share/decomp_ros_msgs/msg/Ellipsoid.msg
[1.544s] -- Up-to-date symlink: /home/nvidia/gestelt_ws/src/gestelt2/install/decomp_ros_msgs/share/decomp_ros_msgs/msg/EllipsoidArray.msg
[1.544s] -- Up-to-date symlink: /home/nvidia/gestelt_ws/src/gestelt2/install/decomp_ros_msgs/share/decomp_ros_msgs/msg/Polyhedron.msg
[1.544s] -- Up-to-date symlink: /home/nvidia/gestelt_ws/src/gestelt2/install/decomp_ros_msgs/share/decomp_ros_msgs/msg/PolyhedronArray.msg
[1.545s] -- Up-to-date symlink: /home/nvidia/gestelt_ws/src/gestelt2/install/decomp_ros_msgs/share/ament_index/resource_index/package_run_dependencies/decomp_ros_msgs
[1.546s] -- Up-to-date symlink: /home/nvidia/gestelt_ws/src/gestelt2/install/decomp_ros_msgs/share/ament_index/resource_index/parent_prefix_path/decomp_ros_msgs
[1.546s] -- Up-to-date symlink: /home/nvidia/gestelt_ws/src/gestelt2/install/decomp_ros_msgs/share/decomp_ros_msgs/environment/ament_prefix_path.sh
[1.546s] -- Up-to-date symlink: /home/nvidia/gestelt_ws/src/gestelt2/install/decomp_ros_msgs/share/decomp_ros_msgs/environment/ament_prefix_path.dsv
[1.546s] -- Up-to-date symlink: /home/nvidia/gestelt_ws/src/gestelt2/install/decomp_ros_msgs/share/decomp_ros_msgs/environment/path.sh
[1.546s] -- Up-to-date symlink: /home/nvidia/gestelt_ws/src/gestelt2/install/decomp_ros_msgs/share/decomp_ros_msgs/environment/path.dsv
[1.546s] -- Up-to-date symlink: /home/nvidia/gestelt_ws/src/gestelt2/install/decomp_ros_msgs/share/decomp_ros_msgs/local_setup.bash
[1.546s] -- Up-to-date symlink: /home/nvidia/gestelt_ws/src/gestelt2/install/decomp_ros_msgs/share/decomp_ros_msgs/local_setup.sh
[1.547s] -- Up-to-date symlink: /home/nvidia/gestelt_ws/src/gestelt2/install/decomp_ros_msgs/share/decomp_ros_msgs/local_setup.zsh
[1.547s] -- Up-to-date symlink: /home/nvidia/gestelt_ws/src/gestelt2/install/decomp_ros_msgs/share/decomp_ros_msgs/local_setup.dsv
[1.547s] -- Symlinking: /home/nvidia/gestelt_ws/src/gestelt2/install/decomp_ros_msgs/share/decomp_ros_msgs/package.dsv
[1.557s] -- Up-to-date symlink: /home/nvidia/gestelt_ws/src/gestelt2/install/decomp_ros_msgs/share/ament_index/resource_index/packages/decomp_ros_msgs
[1.557s] -- Up-to-date symlink: /home/nvidia/gestelt_ws/src/gestelt2/install/decomp_ros_msgs/share/decomp_ros_msgs/cmake/rosidl_cmake-extras.cmake
[1.557s] -- Up-to-date symlink: /home/nvidia/gestelt_ws/src/gestelt2/install/decomp_ros_msgs/share/decomp_ros_msgs/cmake/ament_cmake_export_dependencies-extras.cmake
[1.557s] -- Up-to-date symlink: /home/nvidia/gestelt_ws/src/gestelt2/install/decomp_ros_msgs/share/decomp_ros_msgs/cmake/ament_cmake_export_include_directories-extras.cmake
[1.557s] -- Up-to-date symlink: /home/nvidia/gestelt_ws/src/gestelt2/install/decomp_ros_msgs/share/decomp_ros_msgs/cmake/ament_cmake_export_libraries-extras.cmake
[1.557s] -- Up-to-date symlink: /home/nvidia/gestelt_ws/src/gestelt2/install/decomp_ros_msgs/share/decomp_ros_msgs/cmake/ament_cmake_export_targets-extras.cmake
[1.557s] -- Up-to-date symlink: /home/nvidia/gestelt_ws/src/gestelt2/install/decomp_ros_msgs/share/decomp_ros_msgs/cmake/rosidl_cmake_export_typesupport_targets-extras.cmake
[1.557s] -- Up-to-date symlink: /home/nvidia/gestelt_ws/src/gestelt2/install/decomp_ros_msgs/share/decomp_ros_msgs/cmake/rosidl_cmake_export_typesupport_libraries-extras.cmake
[1.558s] -- Up-to-date symlink: /home/nvidia/gestelt_ws/src/gestelt2/install/decomp_ros_msgs/share/decomp_ros_msgs/cmake/decomp_ros_msgsConfig.cmake
[1.558s] -- Up-to-date symlink: /home/nvidia/gestelt_ws/src/gestelt2/install/decomp_ros_msgs/share/decomp_ros_msgs/cmake/decomp_ros_msgsConfig-version.cmake
[1.558s] -- Up-to-date symlink: /home/nvidia/gestelt_ws/src/gestelt2/install/decomp_ros_msgs/share/decomp_ros_msgs/package.xml
[1.558s] -- Up-to-date: /home/nvidia/gestelt_ws/src/gestelt2/install/decomp_ros_msgs/lib/libdecomp_ros_msgs__rosidl_generator_c.so
[1.558s] -- Up-to-date: /home/nvidia/gestelt_ws/src/gestelt2/install/decomp_ros_msgs/lib/libdecomp_ros_msgs__rosidl_typesupport_fastrtps_c.so
[1.558s] -- Up-to-date: /home/nvidia/gestelt_ws/src/gestelt2/install/decomp_ros_msgs/lib/libdecomp_ros_msgs__rosidl_typesupport_introspection_c.so
[1.558s] -- Up-to-date: /home/nvidia/gestelt_ws/src/gestelt2/install/decomp_ros_msgs/lib/libdecomp_ros_msgs__rosidl_typesupport_c.so
[1.559s] -- Up-to-date: /home/nvidia/gestelt_ws/src/gestelt2/install/decomp_ros_msgs/lib/libdecomp_ros_msgs__rosidl_typesupport_fastrtps_cpp.so
[1.559s] -- Up-to-date: /home/nvidia/gestelt_ws/src/gestelt2/install/decomp_ros_msgs/lib/libdecomp_ros_msgs__rosidl_typesupport_introspection_cpp.so
[1.559s] -- Up-to-date: /home/nvidia/gestelt_ws/src/gestelt2/install/decomp_ros_msgs/lib/libdecomp_ros_msgs__rosidl_typesupport_cpp.so
[1.617s] Listing '/home/nvidia/gestelt_ws/src/gestelt2/install/decomp_ros_msgs/local/lib/python3.10/dist-packages/decomp_ros_msgs'...
[1.618s] Listing '/home/nvidia/gestelt_ws/src/gestelt2/install/decomp_ros_msgs/local/lib/python3.10/dist-packages/decomp_ros_msgs/msg'...
[1.631s] -- Up-to-date: /home/nvidia/gestelt_ws/src/gestelt2/install/decomp_ros_msgs/lib/libdecomp_ros_msgs__rosidl_generator_py.so
[1.631s] -- Up-to-date: /home/nvidia/gestelt_ws/src/gestelt2/install/decomp_ros_msgs/share/decomp_ros_msgs/cmake/export_decomp_ros_msgs__rosidl_generator_cExport.cmake
[1.632s] -- Up-to-date: /home/nvidia/gestelt_ws/src/gestelt2/install/decomp_ros_msgs/share/decomp_ros_msgs/cmake/export_decomp_ros_msgs__rosidl_generator_cExport-noconfig.cmake
[1.632s] -- Up-to-date: /home/nvidia/gestelt_ws/src/gestelt2/install/decomp_ros_msgs/share/decomp_ros_msgs/cmake/export_decomp_ros_msgs__rosidl_typesupport_fastrtps_cExport.cmake
[1.632s] -- Up-to-date: /home/nvidia/gestelt_ws/src/gestelt2/install/decomp_ros_msgs/share/decomp_ros_msgs/cmake/export_decomp_ros_msgs__rosidl_typesupport_fastrtps_cExport-noconfig.cmake
[1.632s] -- Up-to-date: /home/nvidia/gestelt_ws/src/gestelt2/install/decomp_ros_msgs/share/decomp_ros_msgs/cmake/decomp_ros_msgs__rosidl_typesupport_introspection_cExport.cmake
[1.633s] -- Up-to-date: /home/nvidia/gestelt_ws/src/gestelt2/install/decomp_ros_msgs/share/decomp_ros_msgs/cmake/decomp_ros_msgs__rosidl_typesupport_introspection_cExport-noconfig.cmake
[1.633s] -- Up-to-date: /home/nvidia/gestelt_ws/src/gestelt2/install/decomp_ros_msgs/share/decomp_ros_msgs/cmake/decomp_ros_msgs__rosidl_typesupport_cExport.cmake
[1.633s] -- Up-to-date: /home/nvidia/gestelt_ws/src/gestelt2/install/decomp_ros_msgs/share/decomp_ros_msgs/cmake/decomp_ros_msgs__rosidl_typesupport_cExport-noconfig.cmake
[1.633s] -- Up-to-date: /home/nvidia/gestelt_ws/src/gestelt2/install/decomp_ros_msgs/share/decomp_ros_msgs/cmake/export_decomp_ros_msgs__rosidl_generator_cppExport.cmake
[1.633s] -- Up-to-date: /home/nvidia/gestelt_ws/src/gestelt2/install/decomp_ros_msgs/share/decomp_ros_msgs/cmake/export_decomp_ros_msgs__rosidl_typesupport_fastrtps_cppExport.cmake
[1.633s] -- Up-to-date: /home/nvidia/gestelt_ws/src/gestelt2/install/decomp_ros_msgs/share/decomp_ros_msgs/cmake/export_decomp_ros_msgs__rosidl_typesupport_fastrtps_cppExport-noconfig.cmake
[1.634s] -- Up-to-date: /home/nvidia/gestelt_ws/src/gestelt2/install/decomp_ros_msgs/share/decomp_ros_msgs/cmake/decomp_ros_msgs__rosidl_typesupport_introspection_cppExport.cmake
[1.634s] -- Up-to-date: /home/nvidia/gestelt_ws/src/gestelt2/install/decomp_ros_msgs/share/decomp_ros_msgs/cmake/decomp_ros_msgs__rosidl_typesupport_introspection_cppExport-noconfig.cmake
[1.634s] -- Up-to-date: /home/nvidia/gestelt_ws/src/gestelt2/install/decomp_ros_msgs/share/decomp_ros_msgs/cmake/decomp_ros_msgs__rosidl_typesupport_cppExport.cmake
[1.634s] -- Up-to-date: /home/nvidia/gestelt_ws/src/gestelt2/install/decomp_ros_msgs/share/decomp_ros_msgs/cmake/decomp_ros_msgs__rosidl_typesupport_cppExport-noconfig.cmake
[1.635s] -- Up-to-date: /home/nvidia/gestelt_ws/src/gestelt2/install/decomp_ros_msgs/share/decomp_ros_msgs/cmake/export_decomp_ros_msgs__rosidl_generator_pyExport.cmake
[1.635s] -- Up-to-date: /home/nvidia/gestelt_ws/src/gestelt2/install/decomp_ros_msgs/share/decomp_ros_msgs/cmake/export_decomp_ros_msgs__rosidl_generator_pyExport-noconfig.cmake
[1.640s] Invoked command in '/home/nvidia/gestelt_ws/src/gestelt2/build/decomp_ros_msgs' returned '0': CMAKE_PREFIX_PATH=${CMAKE_PREFIX_PATH}:/home/nvidia/gestelt_ws/install/gestelt_commander:/home/nvidia/tl_vision2/install/vision:/home/nvidia/bridge_ws/install/vilota_bridge:/opt/ros/humble /usr/bin/cmake --install /home/nvidia/gestelt_ws/src/gestelt2/build/decomp_ros_msgs
