[  7%] [34m[1mAutomatic MOC for target mesh_shape[0m
[  7%] Built target mesh_shape_autogen
[ 30%] Built target mesh_shape
[ 38%] [34m[1mAutomatic MOC for target decomp_rviz_plugins[0m
[ 38%] Built target decomp_rviz_plugins_autogen
[100%] Built target decomp_rviz_plugins
-- Install configuration: ""
-- Execute custom install script
-- Up-to-date symlink: /home/nvidia/gestelt_ws/src/gestelt2/install/decomp_ros_utils/include//decomp_ros_utils/data_ros_utils.h
-- Up-to-date symlink: /home/nvidia/gestelt_ws/src/gestelt2/install/decomp_ros_utils/include//decomp_ros_utils/mesh_shape.h
-- Up-to-date symlink: /home/nvidia/gestelt_ws/src/gestelt2/install/decomp_ros_utils/share/decomp_ros_utils//plugin_description.xml
-- Up-to-date symlink: /home/nvidia/gestelt_ws/src/gestelt2/install/decomp_ros_utils/share/ament_index/resource_index/package_run_dependencies/decomp_ros_utils
-- Up-to-date symlink: /home/nvidia/gestelt_ws/src/gestelt2/install/decomp_ros_utils/share/ament_index/resource_index/parent_prefix_path/decomp_ros_utils
-- Up-to-date symlink: /home/nvidia/gestelt_ws/src/gestelt2/install/decomp_ros_utils/share/decomp_ros_utils/environment/ament_prefix_path.sh
-- Up-to-date symlink: /home/nvidia/gestelt_ws/src/gestelt2/install/decomp_ros_utils/share/decomp_ros_utils/environment/ament_prefix_path.dsv
-- Up-to-date symlink: /home/nvidia/gestelt_ws/src/gestelt2/install/decomp_ros_utils/share/decomp_ros_utils/environment/path.sh
-- Up-to-date symlink: /home/nvidia/gestelt_ws/src/gestelt2/install/decomp_ros_utils/share/decomp_ros_utils/environment/path.dsv
-- Up-to-date symlink: /home/nvidia/gestelt_ws/src/gestelt2/install/decomp_ros_utils/share/decomp_ros_utils/local_setup.bash
-- Up-to-date symlink: /home/nvidia/gestelt_ws/src/gestelt2/install/decomp_ros_utils/share/decomp_ros_utils/local_setup.sh
-- Up-to-date symlink: /home/nvidia/gestelt_ws/src/gestelt2/install/decomp_ros_utils/share/decomp_ros_utils/local_setup.zsh
-- Up-to-date symlink: /home/nvidia/gestelt_ws/src/gestelt2/install/decomp_ros_utils/share/decomp_ros_utils/local_setup.dsv
-- Symlinking: /home/nvidia/gestelt_ws/src/gestelt2/install/decomp_ros_utils/share/decomp_ros_utils/package.dsv
-- Up-to-date symlink: /home/nvidia/gestelt_ws/src/gestelt2/install/decomp_ros_utils/share/ament_index/resource_index/packages/decomp_ros_utils
-- Up-to-date symlink: /home/nvidia/gestelt_ws/src/gestelt2/install/decomp_ros_utils/share/ament_index/resource_index/rviz_common__pluginlib__plugin/decomp_ros_utils
-- Up-to-date symlink: /home/nvidia/gestelt_ws/src/gestelt2/install/decomp_ros_utils/share/decomp_ros_utils/cmake/ament_cmake_export_include_directories-extras.cmake
-- Up-to-date symlink: /home/nvidia/gestelt_ws/src/gestelt2/install/decomp_ros_utils/share/decomp_ros_utils/cmake/ament_cmake_export_dependencies-extras.cmake
-- Up-to-date symlink: /home/nvidia/gestelt_ws/src/gestelt2/install/decomp_ros_utils/share/decomp_ros_utils/cmake/decomp_ros_utilsConfig.cmake
-- Up-to-date symlink: /home/nvidia/gestelt_ws/src/gestelt2/install/decomp_ros_utils/share/decomp_ros_utils/cmake/decomp_ros_utilsConfig-version.cmake
-- Up-to-date symlink: /home/nvidia/gestelt_ws/src/gestelt2/install/decomp_ros_utils/share/decomp_ros_utils/package.xml
-- Up-to-date: /home/nvidia/gestelt_ws/src/gestelt2/install/decomp_ros_utils/lib/libdecomp_rviz_plugins.so
