-- Found eigen3_cmake_module: 0.1.1 (/opt/ros/humble/share/eigen3_cmake_module/cmake)
-- Found ament_cmake: 1.3.11 (/opt/ros/humble/share/ament_cmake/cmake)
-- Override CMake install command with custom implementation using symlinks instead of copying resources
-- Found rclcpp: 16.0.12 (/opt/ros/humble/share/rclcpp/cmake)
-- Found rosidl_generator_c: 3.1.6 (/opt/ros/humble/share/rosidl_generator_c/cmake)
-- Found rosidl_adapter: 3.1.6 (/opt/ros/humble/share/rosidl_adapter/cmake)
-- Found rosidl_generator_cpp: 3.1.6 (/opt/ros/humble/share/rosidl_generator_cpp/cmake)
-- Using all available rosidl_typesupport_c: rosidl_typesupport_fastrtps_c;rosidl_typesupport_introspection_c
-- Using all available rosidl_typesupport_cpp: rosidl_typesupport_fastrtps_cpp;rosidl_typesupport_introspection_cpp
-- Found rmw_implementation_cmake: 6.1.2 (/opt/ros/humble/share/rmw_implementation_cmake/cmake)
-- Found rmw_fastrtps_cpp: 6.2.7 (/opt/ros/humble/share/rmw_fastrtps_cpp/cmake)
-- Using RMW implementation 'rmw_fastrtps_cpp' as default
-- Found rclpy: 3.3.16 (/opt/ros/humble/share/rclpy/cmake)
-- Found geometry_msgs: 4.8.0 (/opt/ros/humble/share/geometry_msgs/cmake)
-- Found nav_msgs: 4.8.0 (/opt/ros/humble/share/nav_msgs/cmake)
-- Found sensor_msgs: 4.8.0 (/opt/ros/humble/share/sensor_msgs/cmake)
-- Found gestelt_interfaces: 0.0.0 (/home/nvidia/gestelt_ws/src/gestelt2/install/gestelt_interfaces/share/gestelt_interfaces/cmake)
-- Found px4_msgs: 2.0.1 (/home/nvidia/tl_vision2/install/px4_msgs/share/px4_msgs/cmake)
-- Found tf2_ros: 0.25.12 (/opt/ros/humble/share/tf2_ros/cmake)
-- Found logger_wrapper: 0.0.0 (/home/nvidia/gestelt_ws/src/gestelt2/install/logger_wrapper/share/logger_wrapper/cmake)
-- Found ament_lint_auto: 0.12.12 (/opt/ros/humble/share/ament_lint_auto/cmake)
-- Added test 'copyright' to check source files copyright and LICENSE
-- Added test 'cppcheck' to perform static code analysis on C / C++ code
-- Configured cppcheck include dirs: /home/nvidia/gestelt_ws/src/gestelt2/trajectory_server/include;$<BUILD_INTERFACE:/home/nvidia/gestelt_ws/src/gestelt2/trajectory_server/include/trajectory_server>;$<BUILD_INTERFACE:/home/nvidia/gestelt_ws/src/gestelt2/trajectory_server/include>
-- Configured cppcheck exclude dirs and/or files: 
-- Added test 'cpplint' to check C / C++ code against the Google style
-- Configured cpplint exclude dirs and/or files: 
-- Added test 'lint_cmake' to check CMake code style
-- Added test 'uncrustify' to check C / C++ code style
-- Configured uncrustify additional arguments: 
-- Added test 'xmllint' to check XML markup files
-- Configuring done
-- Generating done
-- Build files have been written to: /home/nvidia/gestelt_ws/src/gestelt2/build/trajectory_server
[35m[1mConsolidate compiler generated dependencies of target frame_transforms[0m
[ 14%] [32mBuilding CXX object CMakeFiles/frame_transforms.dir/src/frame_transforms.cpp.o[0m
[ 28%] [32m[1mLinking CXX shared library libframe_transforms.so[0m
[ 28%] Built target frame_transforms
[35m[1mConsolidate compiler generated dependencies of target trajectory_server[0m
[ 57%] [32mBuilding CXX object CMakeFiles/trajectory_server.dir/src/uavsm.cpp.o[0m
[ 57%] [32mBuilding CXX object CMakeFiles/trajectory_server.dir/src/trajectory_server.cpp.o[0m
[ 71%] [32m[1mLinking CXX static library libtrajectory_server.a[0m
[ 71%] Built target trajectory_server
[35m[1mConsolidate compiler generated dependencies of target trajectory_server_node[0m
[ 85%] [32mBuilding CXX object CMakeFiles/trajectory_server_node.dir/src/main.cpp.o[0m
[100%] [32m[1mLinking CXX executable trajectory_server_node[0m
[100%] Built target trajectory_server_node
