[0.032s] Invoking command in '/home/nvidia/gestelt_ws/src/gestelt2/build/trajectory_server': AMENT_PREFIX_PATH=/home/nvidia/gestelt_ws/src/gestelt2/install/logger_wrapper:/home/nvidia/gestelt_ws/src/gestelt2/install/gestelt_interfaces:${AMENT_PREFIX_PATH} CMAKE_PREFIX_PATH=/home/nvidia/gestelt_ws/src/gestelt2/install/logger_wrapper:/home/nvidia/gestelt_ws/src/gestelt2/install/gestelt_interfaces:/home/nvidia/gestelt_ws/install/gestelt_bringup:/home/nvidia/gestelt_ws/install/trajectory_server:/home/nvidia/gestelt_ws/install/linear_mpc_controller:/home/nvidia/gestelt_ws/install/gestelt_planner:/home/nvidia/gestelt_ws/install/gestelt_controller:/home/nvidia/gestelt_ws/install/astar_planner:/home/nvidia/gestelt_ws/install/gestelt_core:/home/nvidia/gestelt_ws/install/occ_map:/home/nvidia/gestelt_ws/install/logger_wrapper:/home/nvidia/gestelt_ws/install/ikd_tree:/home/nvidia/gestelt_ws/install/gestelt_interfaces:/home/nvidia/gestelt_ws/install/fake_sensor:/home/nvidia/gestelt_ws/install/fake_map:/home/nvidia/gestelt_ws/install/decomp_ros_utils:/home/nvidia/gestelt_ws/install/decomp_util:/home/nvidia/gestelt_ws/install/decomp_ros_msgs:/home/nvidia/gestelt_ws/install/bonxai:/home/nvidia/tl_vision2/install/vrpn_mocap:/home/nvidia/tl_vision2/install/px4_msgs:/home/nvidia/bridge_ws/install/depth2pcl:/home/nvidia/gestelt_ws/install/gestelt_commander:/home/nvidia/tl_vision2/install/vision:/home/nvidia/bridge_ws/install/vilota_bridge:/opt/ros/humble LD_LIBRARY_PATH=/home/nvidia/gestelt_ws/src/gestelt2/install/logger_wrapper/lib:/home/nvidia/gestelt_ws/src/gestelt2/install/gestelt_interfaces/lib:${LD_LIBRARY_PATH} PYTHONPATH=/home/nvidia/gestelt_ws/src/gestelt2/install/gestelt_interfaces/local/lib/python3.10/dist-packages:${PYTHONPATH} /usr/bin/cmake --build /home/nvidia/gestelt_ws/src/gestelt2/build/trajectory_server -- -j8 -l8
[0.100s] -- Found eigen3_cmake_module: 0.1.1 (/opt/ros/humble/share/eigen3_cmake_module/cmake)
[0.103s] -- Found ament_cmake: 1.3.11 (/opt/ros/humble/share/ament_cmake/cmake)
[0.402s] -- Override CMake install command with custom implementation using symlinks instead of copying resources
[0.417s] -- Found rclcpp: 16.0.12 (/opt/ros/humble/share/rclcpp/cmake)
[0.476s] -- Found rosidl_generator_c: 3.1.6 (/opt/ros/humble/share/rosidl_generator_c/cmake)
[0.481s] -- Found rosidl_adapter: 3.1.6 (/opt/ros/humble/share/rosidl_adapter/cmake)
[0.493s] -- Found rosidl_generator_cpp: 3.1.6 (/opt/ros/humble/share/rosidl_generator_cpp/cmake)
[0.513s] -- Using all available rosidl_typesupport_c: rosidl_typesupport_fastrtps_c;rosidl_typesupport_introspection_c
[0.539s] -- Using all available rosidl_typesupport_cpp: rosidl_typesupport_fastrtps_cpp;rosidl_typesupport_introspection_cpp
[0.603s] -- Found rmw_implementation_cmake: 6.1.2 (/opt/ros/humble/share/rmw_implementation_cmake/cmake)
[0.607s] -- Found rmw_fastrtps_cpp: 6.2.7 (/opt/ros/humble/share/rmw_fastrtps_cpp/cmake)
[0.824s] -- Using RMW implementation 'rmw_fastrtps_cpp' as default
[0.920s] -- Found rclpy: 3.3.16 (/opt/ros/humble/share/rclpy/cmake)
[0.920s] -- Found geometry_msgs: 4.8.0 (/opt/ros/humble/share/geometry_msgs/cmake)
[0.944s] -- Found nav_msgs: 4.8.0 (/opt/ros/humble/share/nav_msgs/cmake)
[0.975s] -- Found sensor_msgs: 4.8.0 (/opt/ros/humble/share/sensor_msgs/cmake)
[1.006s] -- Found gestelt_interfaces: 0.0.0 (/home/nvidia/gestelt_ws/src/gestelt2/install/gestelt_interfaces/share/gestelt_interfaces/cmake)
[1.035s] -- Found px4_msgs: 2.0.1 (/home/nvidia/tl_vision2/install/px4_msgs/share/px4_msgs/cmake)
[1.062s] -- Found tf2_ros: 0.25.12 (/opt/ros/humble/share/tf2_ros/cmake)
[1.220s] -- Found logger_wrapper: 0.0.0 (/home/nvidia/gestelt_ws/src/gestelt2/install/logger_wrapper/share/logger_wrapper/cmake)
[1.240s] -- Found ament_lint_auto: 0.12.12 (/opt/ros/humble/share/ament_lint_auto/cmake)
[1.411s] -- Added test 'copyright' to check source files copyright and LICENSE
[1.415s] -- Added test 'cppcheck' to perform static code analysis on C / C++ code
[1.416s] -- Configured cppcheck include dirs: /home/nvidia/gestelt_ws/src/gestelt2/trajectory_server/include;$<BUILD_INTERFACE:/home/nvidia/gestelt_ws/src/gestelt2/trajectory_server/include/trajectory_server>;$<BUILD_INTERFACE:/home/nvidia/gestelt_ws/src/gestelt2/trajectory_server/include>
[1.416s] -- Configured cppcheck exclude dirs and/or files: 
[1.418s] -- Added test 'cpplint' to check C / C++ code against the Google style
[1.418s] -- Configured cpplint exclude dirs and/or files: 
[1.419s] -- Added test 'lint_cmake' to check CMake code style
[1.421s] -- Added test 'uncrustify' to check C / C++ code style
[1.421s] -- Configured uncrustify additional arguments: 
[1.421s] -- Added test 'xmllint' to check XML markup files
[1.424s] -- Configuring done
[1.481s] -- Generating done
[1.496s] -- Build files have been written to: /home/nvidia/gestelt_ws/src/gestelt2/build/trajectory_server
[1.562s] [35m[1mConsolidate compiler generated dependencies of target frame_transforms[0m
[1.597s] [ 14%] [32mBuilding CXX object CMakeFiles/frame_transforms.dir/src/frame_transforms.cpp.o[0m
[3.614s] In file included from [01m[K/usr/include/eigen3/Eigen/Core:214[m[K,
[3.614s]                  from [01m[K/usr/include/eigen3/Eigen/Dense:1[m[K,
[3.614s]                  from [01m[K/usr/include/eigen3/Eigen/Eigen:1[m[K,
[3.615s]                  from [01m[K/home/nvidia/gestelt_ws/src/gestelt2/trajectory_server/include/frame_transforms.hpp:45[m[K,
[3.615s]                  from [01m[K/home/nvidia/gestelt_ws/src/gestelt2/trajectory_server/src/frame_transforms.cpp:41[m[K:
[3.615s] [01m[K/usr/include/eigen3/Eigen/src/Core/arch/NEON/PacketMath.h:[m[K In function ‘[01m[KPacket Eigen::internal::pload(const typename Eigen::internal::unpacket_traits<T>::type*) [with Packet = Eigen::internal::eigen_packet_wrapper<int, 2>; typename Eigen::internal::unpacket_traits<T>::type = signed char][m[K’:
[3.615s] [01m[K/usr/include/eigen3/Eigen/src/Core/arch/NEON/PacketMath.h:1671:9:[m[K [01;35m[Kwarning: [m[K‘[01m[Kvoid* memcpy(void*, const void*, size_t)[m[K’ copying an object of non-trivial type ‘[01m[KEigen::internal::Packet4c[m[K’ {aka ‘[01m[Kstruct Eigen::internal::eigen_packet_wrapper<int, 2>[m[K’} from an array of ‘[01m[Kconst int8_t[m[K’ {aka ‘[01m[Kconst signed char[m[K’} [[01;35m[K]8;;https://gcc.gnu.org/onlinedocs/gcc/Warning-Options.html#index-Wclass-memaccess-Wclass-memaccess]8;;[m[K]
[3.615s]  1671 |   [01;35m[Kmemcpy(&res, from, sizeof(Packet4c))[m[K;
[3.615s]       |   [01;35m[K~~~~~~^~~~~~~~~~~~~~~~~~~~~~~~~~~~~~[m[K
[3.616s] In file included from [01m[K/usr/include/eigen3/Eigen/Core:172[m[K,
[3.616s]                  from [01m[K/usr/include/eigen3/Eigen/Dense:1[m[K,
[3.616s]                  from [01m[K/usr/include/eigen3/Eigen/Eigen:1[m[K,
[3.616s]                  from [01m[K/home/nvidia/gestelt_ws/src/gestelt2/trajectory_server/include/frame_transforms.hpp:45[m[K,
[3.616s]                  from [01m[K/home/nvidia/gestelt_ws/src/gestelt2/trajectory_server/src/frame_transforms.cpp:41[m[K:
[3.616s] [01m[K/usr/include/eigen3/Eigen/src/Core/GenericPacketMath.h:159:8:[m[K [01;36m[Knote: [m[K‘[01m[KEigen::internal::Packet4c[m[K’ {aka ‘[01m[Kstruct Eigen::internal::eigen_packet_wrapper<int, 2>[m[K’} declared here
[3.616s]   159 | struct [01;36m[Keigen_packet_wrapper[m[K
[3.616s]       |        [01;36m[K^~~~~~~~~~~~~~~~~~~~[m[K
[3.618s] In file included from [01m[K/usr/include/eigen3/Eigen/Core:214[m[K,
[3.618s]                  from [01m[K/usr/include/eigen3/Eigen/Dense:1[m[K,
[3.618s]                  from [01m[K/usr/include/eigen3/Eigen/Eigen:1[m[K,
[3.618s]                  from [01m[K/home/nvidia/gestelt_ws/src/gestelt2/trajectory_server/include/frame_transforms.hpp:45[m[K,
[3.618s]                  from [01m[K/home/nvidia/gestelt_ws/src/gestelt2/trajectory_server/src/frame_transforms.cpp:41[m[K:
[3.618s] [01m[K/usr/include/eigen3/Eigen/src/Core/arch/NEON/PacketMath.h:[m[K In function ‘[01m[KPacket Eigen::internal::ploadu(const typename Eigen::internal::unpacket_traits<T>::type*) [with Packet = Eigen::internal::eigen_packet_wrapper<int, 2>; typename Eigen::internal::unpacket_traits<T>::type = signed char][m[K’:
[3.618s] [01m[K/usr/include/eigen3/Eigen/src/Core/arch/NEON/PacketMath.h:1716:9:[m[K [01;35m[Kwarning: [m[K‘[01m[Kvoid* memcpy(void*, const void*, size_t)[m[K’ copying an object of non-trivial type ‘[01m[KEigen::internal::Packet4c[m[K’ {aka ‘[01m[Kstruct Eigen::internal::eigen_packet_wrapper<int, 2>[m[K’} from an array of ‘[01m[Kconst int8_t[m[K’ {aka ‘[01m[Kconst signed char[m[K’} [[01;35m[K]8;;https://gcc.gnu.org/onlinedocs/gcc/Warning-Options.html#index-Wclass-memaccess-Wclass-memaccess]8;;[m[K]
[3.619s]  1716 |   [01;35m[Kmemcpy(&res, from, sizeof(Packet4c))[m[K;
[3.619s]       |   [01;35m[K~~~~~~^~~~~~~~~~~~~~~~~~~~~~~~~~~~~~[m[K
[3.619s] In file included from [01m[K/usr/include/eigen3/Eigen/Core:172[m[K,
[3.619s]                  from [01m[K/usr/include/eigen3/Eigen/Dense:1[m[K,
[3.619s]                  from [01m[K/usr/include/eigen3/Eigen/Eigen:1[m[K,
[3.619s]                  from [01m[K/home/nvidia/gestelt_ws/src/gestelt2/trajectory_server/include/frame_transforms.hpp:45[m[K,
[3.619s]                  from [01m[K/home/nvidia/gestelt_ws/src/gestelt2/trajectory_server/src/frame_transforms.cpp:41[m[K:
[3.619s] [01m[K/usr/include/eigen3/Eigen/src/Core/GenericPacketMath.h:159:8:[m[K [01;36m[Knote: [m[K‘[01m[KEigen::internal::Packet4c[m[K’ {aka ‘[01m[Kstruct Eigen::internal::eigen_packet_wrapper<int, 2>[m[K’} declared here
[3.620s]   159 | struct [01;36m[Keigen_packet_wrapper[m[K
[3.620s]       |        [01;36m[K^~~~~~~~~~~~~~~~~~~~[m[K
[29.915s] [ 28%] [32m[1mLinking CXX shared library libframe_transforms.so[0m
[30.500s] [ 28%] Built target frame_transforms
[30.527s] [35m[1mConsolidate compiler generated dependencies of target trajectory_server[0m
[30.619s] [ 57%] [32mBuilding CXX object CMakeFiles/trajectory_server.dir/src/uavsm.cpp.o[0m
[30.619s] [ 57%] [32mBuilding CXX object CMakeFiles/trajectory_server.dir/src/trajectory_server.cpp.o[0m
[145.092s] [ 71%] [32m[1mLinking CXX static library libtrajectory_server.a[0m
[146.046s] [ 71%] Built target trajectory_server
[146.074s] [35m[1mConsolidate compiler generated dependencies of target trajectory_server_node[0m
[146.128s] [ 85%] [32mBuilding CXX object CMakeFiles/trajectory_server_node.dir/src/main.cpp.o[0m
[159.883s] [100%] [32m[1mLinking CXX executable trajectory_server_node[0m
[161.293s] [100%] Built target trajectory_server_node
