[0.064s] Invoking command in '/home/nvidia/gestelt_ws/src/gestelt2/build/gestelt_controller': AMENT_PREFIX_PATH=/home/nvidia/gestelt_ws/src/gestelt2/install/gestelt_core:/home/nvidia/gestelt_ws/src/gestelt2/install/occ_map:/home/nvidia/gestelt_ws/src/gestelt2/install/logger_wrapper:/home/nvidia/gestelt_ws/src/gestelt2/install/ikd_tree:/home/nvidia/gestelt_ws/src/gestelt2/install/bonxai:${AMENT_PREFIX_PATH} CMAKE_PREFIX_PATH=/home/nvidia/gestelt_ws/src/gestelt2/install/gestelt_core:/home/nvidia/gestelt_ws/src/gestelt2/install/occ_map:/home/nvidia/gestelt_ws/src/gestelt2/install/logger_wrapper:/home/nvidia/gestelt_ws/src/gestelt2/install/ikd_tree:/home/nvidia/gestelt_ws/src/gestelt2/install/bonxai:/home/nvidia/gestelt_ws/install/gestelt_bringup:/home/nvidia/gestelt_ws/install/trajectory_server:/home/nvidia/gestelt_ws/install/linear_mpc_controller:/home/nvidia/gestelt_ws/install/gestelt_planner:/home/nvidia/gestelt_ws/install/gestelt_controller:/home/nvidia/gestelt_ws/install/astar_planner:/home/nvidia/gestelt_ws/install/gestelt_core:/home/nvidia/gestelt_ws/install/occ_map:/home/nvidia/gestelt_ws/install/logger_wrapper:/home/nvidia/gestelt_ws/install/ikd_tree:/home/nvidia/gestelt_ws/install/gestelt_interfaces:/home/nvidia/gestelt_ws/install/fake_sensor:/home/nvidia/gestelt_ws/install/fake_map:/home/nvidia/gestelt_ws/install/decomp_ros_utils:/home/nvidia/gestelt_ws/install/decomp_util:/home/nvidia/gestelt_ws/install/decomp_ros_msgs:/home/nvidia/gestelt_ws/install/bonxai:/home/nvidia/tl_vision2/install/vrpn_mocap:/home/nvidia/tl_vision2/install/px4_msgs:/home/nvidia/bridge_ws/install/depth2pcl:/home/nvidia/gestelt_ws/install/gestelt_commander:/home/nvidia/tl_vision2/install/vision:/home/nvidia/bridge_ws/install/vilota_bridge:/opt/ros/humble LD_LIBRARY_PATH=/home/nvidia/gestelt_ws/src/gestelt2/install/occ_map/lib:/home/nvidia/gestelt_ws/src/gestelt2/install/logger_wrapper/lib:/home/nvidia/gestelt_ws/src/gestelt2/install/ikd_tree/lib:/home/nvidia/gestelt_ws/src/gestelt2/install/bonxai/lib:${LD_LIBRARY_PATH} /usr/bin/cmake --build /home/nvidia/gestelt_ws/src/gestelt2/build/gestelt_controller -- -j8 -l8
[0.193s] [35m[1mConsolidate compiler generated dependencies of target controller_server_core[0m
[0.210s] [ 16%] Built target simple_progress_checker
[0.233s] [ 33%] Built target simple_goal_checker
[0.280s] [ 50%] Built target pose_progress_checker
[0.280s] [ 66%] Built target controller_server_core
[0.320s] [ 83%] Built target stopped_goal_checker
[0.370s] [ 91%] [32mBuilding CXX object CMakeFiles/controller_server.dir/src/main.cpp.o[0m
[26.597s] [100%] [32m[1mLinking CXX executable controller_server[0m
[29.820s] [100%] Built target controller_server
[29.848s] Invoked command in '/home/nvidia/gestelt_ws/src/gestelt2/build/gestelt_controller' returned '0': AMENT_PREFIX_PATH=/home/nvidia/gestelt_ws/src/gestelt2/install/gestelt_core:/home/nvidia/gestelt_ws/src/gestelt2/install/occ_map:/home/nvidia/gestelt_ws/src/gestelt2/install/logger_wrapper:/home/nvidia/gestelt_ws/src/gestelt2/install/ikd_tree:/home/nvidia/gestelt_ws/src/gestelt2/install/bonxai:${AMENT_PREFIX_PATH} CMAKE_PREFIX_PATH=/home/nvidia/gestelt_ws/src/gestelt2/install/gestelt_core:/home/nvidia/gestelt_ws/src/gestelt2/install/occ_map:/home/nvidia/gestelt_ws/src/gestelt2/install/logger_wrapper:/home/nvidia/gestelt_ws/src/gestelt2/install/ikd_tree:/home/nvidia/gestelt_ws/src/gestelt2/install/bonxai:/home/nvidia/gestelt_ws/install/gestelt_bringup:/home/nvidia/gestelt_ws/install/trajectory_server:/home/nvidia/gestelt_ws/install/linear_mpc_controller:/home/nvidia/gestelt_ws/install/gestelt_planner:/home/nvidia/gestelt_ws/install/gestelt_controller:/home/nvidia/gestelt_ws/install/astar_planner:/home/nvidia/gestelt_ws/install/gestelt_core:/home/nvidia/gestelt_ws/install/occ_map:/home/nvidia/gestelt_ws/install/logger_wrapper:/home/nvidia/gestelt_ws/install/ikd_tree:/home/nvidia/gestelt_ws/install/gestelt_interfaces:/home/nvidia/gestelt_ws/install/fake_sensor:/home/nvidia/gestelt_ws/install/fake_map:/home/nvidia/gestelt_ws/install/decomp_ros_utils:/home/nvidia/gestelt_ws/install/decomp_util:/home/nvidia/gestelt_ws/install/decomp_ros_msgs:/home/nvidia/gestelt_ws/install/bonxai:/home/nvidia/tl_vision2/install/vrpn_mocap:/home/nvidia/tl_vision2/install/px4_msgs:/home/nvidia/bridge_ws/install/depth2pcl:/home/nvidia/gestelt_ws/install/gestelt_commander:/home/nvidia/tl_vision2/install/vision:/home/nvidia/bridge_ws/install/vilota_bridge:/opt/ros/humble LD_LIBRARY_PATH=/home/nvidia/gestelt_ws/src/gestelt2/install/occ_map/lib:/home/nvidia/gestelt_ws/src/gestelt2/install/logger_wrapper/lib:/home/nvidia/gestelt_ws/src/gestelt2/install/ikd_tree/lib:/home/nvidia/gestelt_ws/src/gestelt2/install/bonxai/lib:${LD_LIBRARY_PATH} /usr/bin/cmake --build /home/nvidia/gestelt_ws/src/gestelt2/build/gestelt_controller -- -j8 -l8
[29.853s] Invoking command in '/home/nvidia/gestelt_ws/src/gestelt2/build/gestelt_controller': AMENT_PREFIX_PATH=/home/nvidia/gestelt_ws/src/gestelt2/install/gestelt_core:/home/nvidia/gestelt_ws/src/gestelt2/install/occ_map:/home/nvidia/gestelt_ws/src/gestelt2/install/logger_wrapper:/home/nvidia/gestelt_ws/src/gestelt2/install/ikd_tree:/home/nvidia/gestelt_ws/src/gestelt2/install/bonxai:${AMENT_PREFIX_PATH} CMAKE_PREFIX_PATH=/home/nvidia/gestelt_ws/src/gestelt2/install/gestelt_core:/home/nvidia/gestelt_ws/src/gestelt2/install/occ_map:/home/nvidia/gestelt_ws/src/gestelt2/install/logger_wrapper:/home/nvidia/gestelt_ws/src/gestelt2/install/ikd_tree:/home/nvidia/gestelt_ws/src/gestelt2/install/bonxai:/home/nvidia/gestelt_ws/install/gestelt_bringup:/home/nvidia/gestelt_ws/install/trajectory_server:/home/nvidia/gestelt_ws/install/linear_mpc_controller:/home/nvidia/gestelt_ws/install/gestelt_planner:/home/nvidia/gestelt_ws/install/gestelt_controller:/home/nvidia/gestelt_ws/install/astar_planner:/home/nvidia/gestelt_ws/install/gestelt_core:/home/nvidia/gestelt_ws/install/occ_map:/home/nvidia/gestelt_ws/install/logger_wrapper:/home/nvidia/gestelt_ws/install/ikd_tree:/home/nvidia/gestelt_ws/install/gestelt_interfaces:/home/nvidia/gestelt_ws/install/fake_sensor:/home/nvidia/gestelt_ws/install/fake_map:/home/nvidia/gestelt_ws/install/decomp_ros_utils:/home/nvidia/gestelt_ws/install/decomp_util:/home/nvidia/gestelt_ws/install/decomp_ros_msgs:/home/nvidia/gestelt_ws/install/bonxai:/home/nvidia/tl_vision2/install/vrpn_mocap:/home/nvidia/tl_vision2/install/px4_msgs:/home/nvidia/bridge_ws/install/depth2pcl:/home/nvidia/gestelt_ws/install/gestelt_commander:/home/nvidia/tl_vision2/install/vision:/home/nvidia/bridge_ws/install/vilota_bridge:/opt/ros/humble LD_LIBRARY_PATH=/home/nvidia/gestelt_ws/src/gestelt2/install/occ_map/lib:/home/nvidia/gestelt_ws/src/gestelt2/install/logger_wrapper/lib:/home/nvidia/gestelt_ws/src/gestelt2/install/ikd_tree/lib:/home/nvidia/gestelt_ws/src/gestelt2/install/bonxai/lib:${LD_LIBRARY_PATH} /usr/bin/cmake --install /home/nvidia/gestelt_ws/src/gestelt2/build/gestelt_controller
[29.872s] -- Install configuration: ""
[29.873s] -- Execute custom install script
[29.876s] -- Up-to-date symlink: /home/nvidia/gestelt_ws/src/gestelt2/install/gestelt_controller/lib/gestelt_controller/controller_server
[29.877s] -- Symlinking: /home/nvidia/gestelt_ws/src/gestelt2/install/gestelt_controller/include/gestelt_controller/gestelt_controller/controller_server.hpp
[29.898s] -- Symlinking: /home/nvidia/gestelt_ws/src/gestelt2/install/gestelt_controller/include/gestelt_controller/gestelt_controller/plugins/pose_progress_checker.hpp
[29.920s] -- Symlinking: /home/nvidia/gestelt_ws/src/gestelt2/install/gestelt_controller/include/gestelt_controller/gestelt_controller/plugins/simple_goal_checker.hpp
[29.943s] -- Symlinking: /home/nvidia/gestelt_ws/src/gestelt2/install/gestelt_controller/include/gestelt_controller/gestelt_controller/plugins/simple_progress_checker.hpp
[29.965s] -- Symlinking: /home/nvidia/gestelt_ws/src/gestelt2/install/gestelt_controller/include/gestelt_controller/gestelt_controller/plugins/stopped_goal_checker.hpp
[29.989s] -- Symlinking: /home/nvidia/gestelt_ws/src/gestelt2/install/gestelt_controller/share/gestelt_controller/environment/library_path.sh
[30.012s] -- Symlinking: /home/nvidia/gestelt_ws/src/gestelt2/install/gestelt_controller/share/gestelt_controller/environment/library_path.dsv
[30.037s] -- Symlinking: /home/nvidia/gestelt_ws/src/gestelt2/install/gestelt_controller/share/gestelt_controller//plugins.xml
[30.063s] -- Symlinking: /home/nvidia/gestelt_ws/src/gestelt2/install/gestelt_controller/share/ament_index/resource_index/package_run_dependencies/gestelt_controller
[30.087s] -- Symlinking: /home/nvidia/gestelt_ws/src/gestelt2/install/gestelt_controller/share/ament_index/resource_index/parent_prefix_path/gestelt_controller
[30.109s] -- Symlinking: /home/nvidia/gestelt_ws/src/gestelt2/install/gestelt_controller/share/gestelt_controller/environment/ament_prefix_path.sh
[30.131s] -- Symlinking: /home/nvidia/gestelt_ws/src/gestelt2/install/gestelt_controller/share/gestelt_controller/environment/ament_prefix_path.dsv
[30.153s] -- Symlinking: /home/nvidia/gestelt_ws/src/gestelt2/install/gestelt_controller/share/gestelt_controller/environment/path.sh
[30.175s] -- Symlinking: /home/nvidia/gestelt_ws/src/gestelt2/install/gestelt_controller/share/gestelt_controller/environment/path.dsv
[30.196s] -- Symlinking: /home/nvidia/gestelt_ws/src/gestelt2/install/gestelt_controller/share/gestelt_controller/local_setup.bash
[30.219s] -- Symlinking: /home/nvidia/gestelt_ws/src/gestelt2/install/gestelt_controller/share/gestelt_controller/local_setup.sh
[30.240s] -- Symlinking: /home/nvidia/gestelt_ws/src/gestelt2/install/gestelt_controller/share/gestelt_controller/local_setup.zsh
[30.263s] -- Symlinking: /home/nvidia/gestelt_ws/src/gestelt2/install/gestelt_controller/share/gestelt_controller/local_setup.dsv
[30.287s] -- Symlinking: /home/nvidia/gestelt_ws/src/gestelt2/install/gestelt_controller/share/gestelt_controller/package.dsv
[30.310s] -- Symlinking: /home/nvidia/gestelt_ws/src/gestelt2/install/gestelt_controller/share/ament_index/resource_index/packages/gestelt_controller
[30.332s] -- Symlinking: /home/nvidia/gestelt_ws/src/gestelt2/install/gestelt_controller/share/ament_index/resource_index/gestelt_core__pluginlib__plugin/gestelt_controller
[30.356s] -- Symlinking: /home/nvidia/gestelt_ws/src/gestelt2/install/gestelt_controller/share/ament_index/resource_index/rclcpp_components/gestelt_controller
[30.381s] -- Symlinking: /home/nvidia/gestelt_ws/src/gestelt2/install/gestelt_controller/share/gestelt_controller/cmake/ament_cmake_export_include_directories-extras.cmake
[30.403s] -- Symlinking: /home/nvidia/gestelt_ws/src/gestelt2/install/gestelt_controller/share/gestelt_controller/cmake/ament_cmake_export_libraries-extras.cmake
[30.424s] -- Symlinking: /home/nvidia/gestelt_ws/src/gestelt2/install/gestelt_controller/share/gestelt_controller/cmake/ament_cmake_export_dependencies-extras.cmake
[30.445s] -- Symlinking: /home/nvidia/gestelt_ws/src/gestelt2/install/gestelt_controller/share/gestelt_controller/cmake/ament_cmake_export_targets-extras.cmake
[30.466s] -- Symlinking: /home/nvidia/gestelt_ws/src/gestelt2/install/gestelt_controller/share/gestelt_controller/cmake/gestelt_controllerConfig.cmake
[30.487s] -- Symlinking: /home/nvidia/gestelt_ws/src/gestelt2/install/gestelt_controller/share/gestelt_controller/cmake/gestelt_controllerConfig-version.cmake
[30.509s] -- Symlinking: /home/nvidia/gestelt_ws/src/gestelt2/install/gestelt_controller/share/gestelt_controller/package.xml
[30.530s] -- Installing: /home/nvidia/gestelt_ws/src/gestelt2/install/gestelt_controller/lib/libsimple_progress_checker.so
[30.532s] -- Set runtime path of "/home/nvidia/gestelt_ws/src/gestelt2/install/gestelt_controller/lib/libsimple_progress_checker.so" to ""
[30.532s] -- Installing: /home/nvidia/gestelt_ws/src/gestelt2/install/gestelt_controller/lib/libpose_progress_checker.so
[30.534s] -- Set runtime path of "/home/nvidia/gestelt_ws/src/gestelt2/install/gestelt_controller/lib/libpose_progress_checker.so" to ""
[30.536s] -- Installing: /home/nvidia/gestelt_ws/src/gestelt2/install/gestelt_controller/lib/libsimple_goal_checker.so
[30.537s] -- Set runtime path of "/home/nvidia/gestelt_ws/src/gestelt2/install/gestelt_controller/lib/libsimple_goal_checker.so" to ""
[30.539s] -- Installing: /home/nvidia/gestelt_ws/src/gestelt2/install/gestelt_controller/lib/libstopped_goal_checker.so
[30.540s] -- Set runtime path of "/home/nvidia/gestelt_ws/src/gestelt2/install/gestelt_controller/lib/libstopped_goal_checker.so" to ""
[30.541s] -- Installing: /home/nvidia/gestelt_ws/src/gestelt2/install/gestelt_controller/lib/libcontroller_server_core.so
[30.568s] -- Set runtime path of "/home/nvidia/gestelt_ws/src/gestelt2/install/gestelt_controller/lib/libcontroller_server_core.so" to ""
[30.568s] -- Installing: /home/nvidia/gestelt_ws/src/gestelt2/install/gestelt_controller/share/gestelt_controller/cmake/controller_server_coreExport.cmake
[30.569s] -- Installing: /home/nvidia/gestelt_ws/src/gestelt2/install/gestelt_controller/share/gestelt_controller/cmake/controller_server_coreExport-noconfig.cmake
[30.576s] Invoked command in '/home/nvidia/gestelt_ws/src/gestelt2/build/gestelt_controller' returned '0': AMENT_PREFIX_PATH=/home/nvidia/gestelt_ws/src/gestelt2/install/gestelt_core:/home/nvidia/gestelt_ws/src/gestelt2/install/occ_map:/home/nvidia/gestelt_ws/src/gestelt2/install/logger_wrapper:/home/nvidia/gestelt_ws/src/gestelt2/install/ikd_tree:/home/nvidia/gestelt_ws/src/gestelt2/install/bonxai:${AMENT_PREFIX_PATH} CMAKE_PREFIX_PATH=/home/nvidia/gestelt_ws/src/gestelt2/install/gestelt_core:/home/nvidia/gestelt_ws/src/gestelt2/install/occ_map:/home/nvidia/gestelt_ws/src/gestelt2/install/logger_wrapper:/home/nvidia/gestelt_ws/src/gestelt2/install/ikd_tree:/home/nvidia/gestelt_ws/src/gestelt2/install/bonxai:/home/nvidia/gestelt_ws/install/gestelt_bringup:/home/nvidia/gestelt_ws/install/trajectory_server:/home/nvidia/gestelt_ws/install/linear_mpc_controller:/home/nvidia/gestelt_ws/install/gestelt_planner:/home/nvidia/gestelt_ws/install/gestelt_controller:/home/nvidia/gestelt_ws/install/astar_planner:/home/nvidia/gestelt_ws/install/gestelt_core:/home/nvidia/gestelt_ws/install/occ_map:/home/nvidia/gestelt_ws/install/logger_wrapper:/home/nvidia/gestelt_ws/install/ikd_tree:/home/nvidia/gestelt_ws/install/gestelt_interfaces:/home/nvidia/gestelt_ws/install/fake_sensor:/home/nvidia/gestelt_ws/install/fake_map:/home/nvidia/gestelt_ws/install/decomp_ros_utils:/home/nvidia/gestelt_ws/install/decomp_util:/home/nvidia/gestelt_ws/install/decomp_ros_msgs:/home/nvidia/gestelt_ws/install/bonxai:/home/nvidia/tl_vision2/install/vrpn_mocap:/home/nvidia/tl_vision2/install/px4_msgs:/home/nvidia/bridge_ws/install/depth2pcl:/home/nvidia/gestelt_ws/install/gestelt_commander:/home/nvidia/tl_vision2/install/vision:/home/nvidia/bridge_ws/install/vilota_bridge:/opt/ros/humble LD_LIBRARY_PATH=/home/nvidia/gestelt_ws/src/gestelt2/install/occ_map/lib:/home/nvidia/gestelt_ws/src/gestelt2/install/logger_wrapper/lib:/home/nvidia/gestelt_ws/src/gestelt2/install/ikd_tree/lib:/home/nvidia/gestelt_ws/src/gestelt2/install/bonxai/lib:${LD_LIBRARY_PATH} /usr/bin/cmake --install /home/nvidia/gestelt_ws/src/gestelt2/build/gestelt_controller
