[35m[1mConsolidate compiler generated dependencies of target fake_sensor_node[0m
[100%] Built target fake_sensor_node
-- Install configuration: "Release"
-- Execute custom install script
-- Up-to-date symlink: /home/nvidia/gestelt_ws/src/gestelt2/install/fake_sensor/share/fake_sensor//config/fake_sensor.yaml
-- Up-to-date symlink: /home/nvidia/gestelt_ws/src/gestelt2/install/fake_sensor/lib/fake_sensor/fake_sensor_node
-- Up-to-date symlink: /home/nvidia/gestelt_ws/src/gestelt2/install/fake_sensor/share/ament_index/resource_index/package_run_dependencies/fake_sensor
-- Up-to-date symlink: /home/nvidia/gestelt_ws/src/gestelt2/install/fake_sensor/share/ament_index/resource_index/parent_prefix_path/fake_sensor
-- Up-to-date symlink: /home/nvidia/gestelt_ws/src/gestelt2/install/fake_sensor/share/fake_sensor/environment/ament_prefix_path.sh
-- Up-to-date symlink: /home/nvidia/gestelt_ws/src/gestelt2/install/fake_sensor/share/fake_sensor/environment/ament_prefix_path.dsv
-- Up-to-date symlink: /home/nvidia/gestelt_ws/src/gestelt2/install/fake_sensor/share/fake_sensor/environment/path.sh
-- Up-to-date symlink: /home/nvidia/gestelt_ws/src/gestelt2/install/fake_sensor/share/fake_sensor/environment/path.dsv
-- Up-to-date symlink: /home/nvidia/gestelt_ws/src/gestelt2/install/fake_sensor/share/fake_sensor/local_setup.bash
-- Up-to-date symlink: /home/nvidia/gestelt_ws/src/gestelt2/install/fake_sensor/share/fake_sensor/local_setup.sh
-- Up-to-date symlink: /home/nvidia/gestelt_ws/src/gestelt2/install/fake_sensor/share/fake_sensor/local_setup.zsh
-- Up-to-date symlink: /home/nvidia/gestelt_ws/src/gestelt2/install/fake_sensor/share/fake_sensor/local_setup.dsv
-- Symlinking: /home/nvidia/gestelt_ws/src/gestelt2/install/fake_sensor/share/fake_sensor/package.dsv
-- Up-to-date symlink: /home/nvidia/gestelt_ws/src/gestelt2/install/fake_sensor/share/ament_index/resource_index/packages/fake_sensor
-- Up-to-date symlink: /home/nvidia/gestelt_ws/src/gestelt2/install/fake_sensor/share/fake_sensor/cmake/fake_sensorConfig.cmake
-- Up-to-date symlink: /home/nvidia/gestelt_ws/src/gestelt2/install/fake_sensor/share/fake_sensor/cmake/fake_sensorConfig-version.cmake
-- Up-to-date symlink: /home/nvidia/gestelt_ws/src/gestelt2/install/fake_sensor/share/fake_sensor/package.xml
