[0.084s] Invoking command in '/home/nvidia/gestelt_ws/src/gestelt2/build/fake_sensor': CMAKE_PREFIX_PATH=${CMAKE_PREFIX_PATH}:/home/nvidia/gestelt_ws/install/gestelt_commander:/home/nvidia/tl_vision2/install/vision:/home/nvidia/bridge_ws/install/vilota_bridge:/opt/ros/humble /usr/bin/cmake --build /home/nvidia/gestelt_ws/src/gestelt2/build/fake_sensor -- -j8 -l8
[0.230s] [35m[1mConsolidate compiler generated dependencies of target fake_sensor_node[0m
[0.411s] [100%] Built target fake_sensor_node
[1.325s] Invoked command in '/home/nvidia/gestelt_ws/src/gestelt2/build/fake_sensor' returned '0': CMAKE_PREFIX_PATH=${CMAKE_PREFIX_PATH}:/home/nvidia/gestelt_ws/install/gestelt_commander:/home/nvidia/tl_vision2/install/vision:/home/nvidia/bridge_ws/install/vilota_bridge:/opt/ros/humble /usr/bin/cmake --build /home/nvidia/gestelt_ws/src/gestelt2/build/fake_sensor -- -j8 -l8
[1.329s] Invoking command in '/home/nvidia/gestelt_ws/src/gestelt2/build/fake_sensor': CMAKE_PREFIX_PATH=${CMAKE_PREFIX_PATH}:/home/nvidia/gestelt_ws/install/gestelt_commander:/home/nvidia/tl_vision2/install/vision:/home/nvidia/bridge_ws/install/vilota_bridge:/opt/ros/humble /usr/bin/cmake --install /home/nvidia/gestelt_ws/src/gestelt2/build/fake_sensor
[1.348s] -- Install configuration: "Release"
[1.348s] -- Execute custom install script
[1.349s] -- Up-to-date symlink: /home/nvidia/gestelt_ws/src/gestelt2/install/fake_sensor/share/fake_sensor//config/fake_sensor.yaml
[1.350s] -- Up-to-date symlink: /home/nvidia/gestelt_ws/src/gestelt2/install/fake_sensor/lib/fake_sensor/fake_sensor_node
[1.350s] -- Up-to-date symlink: /home/nvidia/gestelt_ws/src/gestelt2/install/fake_sensor/share/ament_index/resource_index/package_run_dependencies/fake_sensor
[1.352s] -- Up-to-date symlink: /home/nvidia/gestelt_ws/src/gestelt2/install/fake_sensor/share/ament_index/resource_index/parent_prefix_path/fake_sensor
[1.354s] -- Up-to-date symlink: /home/nvidia/gestelt_ws/src/gestelt2/install/fake_sensor/share/fake_sensor/environment/ament_prefix_path.sh
[1.354s] -- Up-to-date symlink: /home/nvidia/gestelt_ws/src/gestelt2/install/fake_sensor/share/fake_sensor/environment/ament_prefix_path.dsv
[1.354s] -- Up-to-date symlink: /home/nvidia/gestelt_ws/src/gestelt2/install/fake_sensor/share/fake_sensor/environment/path.sh
[1.355s] -- Up-to-date symlink: /home/nvidia/gestelt_ws/src/gestelt2/install/fake_sensor/share/fake_sensor/environment/path.dsv
[1.355s] -- Up-to-date symlink: /home/nvidia/gestelt_ws/src/gestelt2/install/fake_sensor/share/fake_sensor/local_setup.bash
[1.355s] -- Up-to-date symlink: /home/nvidia/gestelt_ws/src/gestelt2/install/fake_sensor/share/fake_sensor/local_setup.sh
[1.355s] -- Up-to-date symlink: /home/nvidia/gestelt_ws/src/gestelt2/install/fake_sensor/share/fake_sensor/local_setup.zsh
[1.356s] -- Up-to-date symlink: /home/nvidia/gestelt_ws/src/gestelt2/install/fake_sensor/share/fake_sensor/local_setup.dsv
[1.356s] -- Symlinking: /home/nvidia/gestelt_ws/src/gestelt2/install/fake_sensor/share/fake_sensor/package.dsv
[1.380s] -- Up-to-date symlink: /home/nvidia/gestelt_ws/src/gestelt2/install/fake_sensor/share/ament_index/resource_index/packages/fake_sensor
[1.385s] -- Up-to-date symlink: /home/nvidia/gestelt_ws/src/gestelt2/install/fake_sensor/share/fake_sensor/cmake/fake_sensorConfig.cmake
[1.386s] -- Up-to-date symlink: /home/nvidia/gestelt_ws/src/gestelt2/install/fake_sensor/share/fake_sensor/cmake/fake_sensorConfig-version.cmake
[1.387s] -- Up-to-date symlink: /home/nvidia/gestelt_ws/src/gestelt2/install/fake_sensor/share/fake_sensor/package.xml
[1.465s] Invoked command in '/home/nvidia/gestelt_ws/src/gestelt2/build/fake_sensor' returned '0': CMAKE_PREFIX_PATH=${CMAKE_PREFIX_PATH}:/home/nvidia/gestelt_ws/install/gestelt_commander:/home/nvidia/tl_vision2/install/vision:/home/nvidia/bridge_ws/install/vilota_bridge:/opt/ros/humble /usr/bin/cmake --install /home/nvidia/gestelt_ws/src/gestelt2/build/fake_sensor
