[100%] Built target ikd_tree
-- Install configuration: "Release"
-- Execute custom install script
-- Up-to-date symlink: /home/nvidia/gestelt_ws/src/gestelt2/install/ikd_tree/include/ikd_tree/ikd_tree/ikd_tree.hpp
-- Up-to-date symlink: /home/nvidia/gestelt_ws/src/gestelt2/install/ikd_tree/share/ikd_tree/environment/library_path.sh
-- Up-to-date symlink: /home/nvidia/gestelt_ws/src/gestelt2/install/ikd_tree/share/ikd_tree/environment/library_path.dsv
-- Up-to-date symlink: /home/nvidia/gestelt_ws/src/gestelt2/install/ikd_tree/share/ament_index/resource_index/package_run_dependencies/ikd_tree
-- Up-to-date symlink: /home/nvidia/gestelt_ws/src/gestelt2/install/ikd_tree/share/ament_index/resource_index/parent_prefix_path/ikd_tree
-- Up-to-date symlink: /home/nvidia/gestelt_ws/src/gestelt2/install/ikd_tree/share/ikd_tree/environment/ament_prefix_path.sh
-- Up-to-date symlink: /home/nvidia/gestelt_ws/src/gestelt2/install/ikd_tree/share/ikd_tree/environment/ament_prefix_path.dsv
-- Up-to-date symlink: /home/nvidia/gestelt_ws/src/gestelt2/install/ikd_tree/share/ikd_tree/environment/path.sh
-- Up-to-date symlink: /home/nvidia/gestelt_ws/src/gestelt2/install/ikd_tree/share/ikd_tree/environment/path.dsv
-- Up-to-date symlink: /home/nvidia/gestelt_ws/src/gestelt2/install/ikd_tree/share/ikd_tree/local_setup.bash
-- Up-to-date symlink: /home/nvidia/gestelt_ws/src/gestelt2/install/ikd_tree/share/ikd_tree/local_setup.sh
-- Up-to-date symlink: /home/nvidia/gestelt_ws/src/gestelt2/install/ikd_tree/share/ikd_tree/local_setup.zsh
-- Up-to-date symlink: /home/nvidia/gestelt_ws/src/gestelt2/install/ikd_tree/share/ikd_tree/local_setup.dsv
-- Symlinking: /home/nvidia/gestelt_ws/src/gestelt2/install/ikd_tree/share/ikd_tree/package.dsv
-- Up-to-date symlink: /home/nvidia/gestelt_ws/src/gestelt2/install/ikd_tree/share/ament_index/resource_index/packages/ikd_tree
-- Up-to-date symlink: /home/nvidia/gestelt_ws/src/gestelt2/install/ikd_tree/share/ikd_tree/cmake/ament_cmake_export_include_directories-extras.cmake
-- Up-to-date symlink: /home/nvidia/gestelt_ws/src/gestelt2/install/ikd_tree/share/ikd_tree/cmake/ament_cmake_export_libraries-extras.cmake
-- Up-to-date symlink: /home/nvidia/gestelt_ws/src/gestelt2/install/ikd_tree/share/ikd_tree/cmake/ament_cmake_export_targets-extras.cmake
-- Up-to-date symlink: /home/nvidia/gestelt_ws/src/gestelt2/install/ikd_tree/share/ikd_tree/cmake/ikd_treeConfig.cmake
-- Up-to-date symlink: /home/nvidia/gestelt_ws/src/gestelt2/install/ikd_tree/share/ikd_tree/cmake/ikd_treeConfig-version.cmake
-- Up-to-date symlink: /home/nvidia/gestelt_ws/src/gestelt2/install/ikd_tree/share/ikd_tree/package.xml
-- Up-to-date: /home/nvidia/gestelt_ws/src/gestelt2/install/ikd_tree/lib/libikd_tree.so
-- Up-to-date: /home/nvidia/gestelt_ws/src/gestelt2/install/ikd_tree/share/ikd_tree/cmake/export_ikd_treeExport.cmake
-- Up-to-date: /home/nvidia/gestelt_ws/src/gestelt2/install/ikd_tree/share/ikd_tree/cmake/export_ikd_treeExport-release.cmake
