[0.102s] Invoking command in '/home/nvidia/gestelt_ws/src/gestelt2/build/ikd_tree': CMAKE_PREFIX_PATH=${CMAKE_PREFIX_PATH}:/home/nvidia/gestelt_ws/install/gestelt_commander:/home/nvidia/tl_vision2/install/vision:/home/nvidia/bridge_ws/install/vilota_bridge:/opt/ros/humble /usr/bin/cmake --build /home/nvidia/gestelt_ws/src/gestelt2/build/ikd_tree -- -j8 -l8
[0.235s] [100%] Built target ikd_tree
[0.315s] Invoked command in '/home/nvidia/gestelt_ws/src/gestelt2/build/ikd_tree' returned '0': CMAKE_PREFIX_PATH=${CMAKE_PREFIX_PATH}:/home/nvidia/gestelt_ws/install/gestelt_commander:/home/nvidia/tl_vision2/install/vision:/home/nvidia/bridge_ws/install/vilota_bridge:/opt/ros/humble /usr/bin/cmake --build /home/nvidia/gestelt_ws/src/gestelt2/build/ikd_tree -- -j8 -l8
[0.316s] Invoking command in '/home/nvidia/gestelt_ws/src/gestelt2/build/ikd_tree': CMAKE_PREFIX_PATH=${CMAKE_PREFIX_PATH}:/home/nvidia/gestelt_ws/install/gestelt_commander:/home/nvidia/tl_vision2/install/vision:/home/nvidia/bridge_ws/install/vilota_bridge:/opt/ros/humble /usr/bin/cmake --install /home/nvidia/gestelt_ws/src/gestelt2/build/ikd_tree
[0.363s] -- Install configuration: "Release"
[0.363s] -- Execute custom install script
[0.363s] -- Up-to-date symlink: /home/nvidia/gestelt_ws/src/gestelt2/install/ikd_tree/include/ikd_tree/ikd_tree/ikd_tree.hpp
[0.363s] -- Up-to-date symlink: /home/nvidia/gestelt_ws/src/gestelt2/install/ikd_tree/share/ikd_tree/environment/library_path.sh
[0.363s] -- Up-to-date symlink: /home/nvidia/gestelt_ws/src/gestelt2/install/ikd_tree/share/ikd_tree/environment/library_path.dsv
[0.363s] -- Up-to-date symlink: /home/nvidia/gestelt_ws/src/gestelt2/install/ikd_tree/share/ament_index/resource_index/package_run_dependencies/ikd_tree
[0.364s] -- Up-to-date symlink: /home/nvidia/gestelt_ws/src/gestelt2/install/ikd_tree/share/ament_index/resource_index/parent_prefix_path/ikd_tree
[0.364s] -- Up-to-date symlink: /home/nvidia/gestelt_ws/src/gestelt2/install/ikd_tree/share/ikd_tree/environment/ament_prefix_path.sh
[0.364s] -- Up-to-date symlink: /home/nvidia/gestelt_ws/src/gestelt2/install/ikd_tree/share/ikd_tree/environment/ament_prefix_path.dsv
[0.364s] -- Up-to-date symlink: /home/nvidia/gestelt_ws/src/gestelt2/install/ikd_tree/share/ikd_tree/environment/path.sh
[0.364s] -- Up-to-date symlink: /home/nvidia/gestelt_ws/src/gestelt2/install/ikd_tree/share/ikd_tree/environment/path.dsv
[0.364s] -- Up-to-date symlink: /home/nvidia/gestelt_ws/src/gestelt2/install/ikd_tree/share/ikd_tree/local_setup.bash
[0.364s] -- Up-to-date symlink: /home/nvidia/gestelt_ws/src/gestelt2/install/ikd_tree/share/ikd_tree/local_setup.sh
[0.374s] -- Up-to-date symlink: /home/nvidia/gestelt_ws/src/gestelt2/install/ikd_tree/share/ikd_tree/local_setup.zsh
[0.375s] -- Up-to-date symlink: /home/nvidia/gestelt_ws/src/gestelt2/install/ikd_tree/share/ikd_tree/local_setup.dsv
[0.376s] -- Symlinking: /home/nvidia/gestelt_ws/src/gestelt2/install/ikd_tree/share/ikd_tree/package.dsv
[0.416s] -- Up-to-date symlink: /home/nvidia/gestelt_ws/src/gestelt2/install/ikd_tree/share/ament_index/resource_index/packages/ikd_tree
[0.420s] -- Up-to-date symlink: /home/nvidia/gestelt_ws/src/gestelt2/install/ikd_tree/share/ikd_tree/cmake/ament_cmake_export_include_directories-extras.cmake
[0.420s] -- Up-to-date symlink: /home/nvidia/gestelt_ws/src/gestelt2/install/ikd_tree/share/ikd_tree/cmake/ament_cmake_export_libraries-extras.cmake
[0.420s] -- Up-to-date symlink: /home/nvidia/gestelt_ws/src/gestelt2/install/ikd_tree/share/ikd_tree/cmake/ament_cmake_export_targets-extras.cmake
[0.420s] -- Up-to-date symlink: /home/nvidia/gestelt_ws/src/gestelt2/install/ikd_tree/share/ikd_tree/cmake/ikd_treeConfig.cmake
[0.421s] -- Up-to-date symlink: /home/nvidia/gestelt_ws/src/gestelt2/install/ikd_tree/share/ikd_tree/cmake/ikd_treeConfig-version.cmake
[0.421s] -- Up-to-date symlink: /home/nvidia/gestelt_ws/src/gestelt2/install/ikd_tree/share/ikd_tree/package.xml
[0.421s] -- Up-to-date: /home/nvidia/gestelt_ws/src/gestelt2/install/ikd_tree/lib/libikd_tree.so
[0.421s] -- Up-to-date: /home/nvidia/gestelt_ws/src/gestelt2/install/ikd_tree/share/ikd_tree/cmake/export_ikd_treeExport.cmake
[0.421s] -- Up-to-date: /home/nvidia/gestelt_ws/src/gestelt2/install/ikd_tree/share/ikd_tree/cmake/export_ikd_treeExport-release.cmake
[0.531s] Invoked command in '/home/nvidia/gestelt_ws/src/gestelt2/build/ikd_tree' returned '0': CMAKE_PREFIX_PATH=${CMAKE_PREFIX_PATH}:/home/nvidia/gestelt_ws/install/gestelt_commander:/home/nvidia/tl_vision2/install/vision:/home/nvidia/bridge_ws/install/vilota_bridge:/opt/ros/humble /usr/bin/cmake --install /home/nvidia/gestelt_ws/src/gestelt2/build/ikd_tree
