[100%] Built target decomp_util
-- Install configuration: "Release"
-- Execute custom install script
-- Up-to-date symlink: /home/nvidia/gestelt_ws/src/gestelt2/install/decomp_util/include/decomp_util/decomp_basis/data_type.h
-- Up-to-date symlink: /home/nvidia/gestelt_ws/src/gestelt2/install/decomp_util/include/decomp_util/decomp_basis/data_utils.h
-- Up-to-date symlink: /home/nvidia/gestelt_ws/src/gestelt2/install/decomp_util/include/decomp_util/decomp_geometry/ellipsoid.h
-- Up-to-date symlink: /home/nvidia/gestelt_ws/src/gestelt2/install/decomp_util/include/decomp_util/decomp_geometry/geometric_utils.h
-- Up-to-date symlink: /home/nvidia/gestelt_ws/src/gestelt2/install/decomp_util/include/decomp_util/decomp_geometry/polyhedron.h
-- Up-to-date symlink: /home/nvidia/gestelt_ws/src/gestelt2/install/decomp_util/include/decomp_util/decomp_util/decomp_base.h
-- Up-to-date symlink: /home/nvidia/gestelt_ws/src/gestelt2/install/decomp_util/include/decomp_util/decomp_util/ellipsoid_decomp.h
-- Up-to-date symlink: /home/nvidia/gestelt_ws/src/gestelt2/install/decomp_util/include/decomp_util/decomp_util/iterative_decomp.h
-- Up-to-date symlink: /home/nvidia/gestelt_ws/src/gestelt2/install/decomp_util/include/decomp_util/decomp_util/line_segment.h
-- Up-to-date symlink: /home/nvidia/gestelt_ws/src/gestelt2/install/decomp_util/include/decomp_util/decomp_util/seed_decomp.h
-- Symlinking: /home/nvidia/gestelt_ws/src/gestelt2/install/decomp_util/share/decomp_util/cmake/decomp_utilConfig.cmake
-- Up-to-date symlink: /home/nvidia/gestelt_ws/src/gestelt2/install/decomp_util/share/decomp_util/cmake/decomp_utilConfigVersion.cmake
-- Up-to-date symlink: /home/nvidia/gestelt_ws/src/gestelt2/install/decomp_util/share/decomp_util/environment/library_path.sh
-- Up-to-date symlink: /home/nvidia/gestelt_ws/src/gestelt2/install/decomp_util/share/decomp_util/environment/library_path.dsv
-- Up-to-date symlink: /home/nvidia/gestelt_ws/src/gestelt2/install/decomp_util/share/ament_index/resource_index/package_run_dependencies/decomp_util
-- Up-to-date symlink: /home/nvidia/gestelt_ws/src/gestelt2/install/decomp_util/share/ament_index/resource_index/parent_prefix_path/decomp_util
-- Up-to-date symlink: /home/nvidia/gestelt_ws/src/gestelt2/install/decomp_util/share/decomp_util/environment/ament_prefix_path.sh
-- Up-to-date symlink: /home/nvidia/gestelt_ws/src/gestelt2/install/decomp_util/share/decomp_util/environment/ament_prefix_path.dsv
-- Up-to-date symlink: /home/nvidia/gestelt_ws/src/gestelt2/install/decomp_util/share/decomp_util/environment/path.sh
-- Up-to-date symlink: /home/nvidia/gestelt_ws/src/gestelt2/install/decomp_util/share/decomp_util/environment/path.dsv
-- Up-to-date symlink: /home/nvidia/gestelt_ws/src/gestelt2/install/decomp_util/share/decomp_util/local_setup.bash
-- Up-to-date symlink: /home/nvidia/gestelt_ws/src/gestelt2/install/decomp_util/share/decomp_util/local_setup.sh
-- Up-to-date symlink: /home/nvidia/gestelt_ws/src/gestelt2/install/decomp_util/share/decomp_util/local_setup.zsh
-- Up-to-date symlink: /home/nvidia/gestelt_ws/src/gestelt2/install/decomp_util/share/decomp_util/local_setup.dsv
-- Symlinking: /home/nvidia/gestelt_ws/src/gestelt2/install/decomp_util/share/decomp_util/package.dsv
-- Up-to-date symlink: /home/nvidia/gestelt_ws/src/gestelt2/install/decomp_util/share/ament_index/resource_index/packages/decomp_util
-- Up-to-date symlink: /home/nvidia/gestelt_ws/src/gestelt2/install/decomp_util/share/decomp_util/cmake/ament_cmake_export_include_directories-extras.cmake
-- Up-to-date symlink: /home/nvidia/gestelt_ws/src/gestelt2/install/decomp_util/share/decomp_util/cmake/ament_cmake_export_libraries-extras.cmake
-- Up-to-date symlink: /home/nvidia/gestelt_ws/src/gestelt2/install/decomp_util/share/decomp_util/cmake/ament_cmake_export_targets-extras.cmake
-- Symlinking: /home/nvidia/gestelt_ws/src/gestelt2/install/decomp_util/share/decomp_util/cmake/decomp_utilConfig.cmake
-- Up-to-date symlink: /home/nvidia/gestelt_ws/src/gestelt2/install/decomp_util/share/decomp_util/cmake/decomp_utilConfig-version.cmake
-- Up-to-date symlink: /home/nvidia/gestelt_ws/src/gestelt2/install/decomp_util/share/decomp_util/package.xml
-- Up-to-date: /home/nvidia/gestelt_ws/src/gestelt2/install/decomp_util/lib/libdecomp_util.a
-- Up-to-date: /home/nvidia/gestelt_ws/src/gestelt2/install/decomp_util/share/decomp_util/cmake/export_decomp_utilExport.cmake
-- Up-to-date: /home/nvidia/gestelt_ws/src/gestelt2/install/decomp_util/share/decomp_util/cmake/export_decomp_utilExport-release.cmake
