[0.091s] Invoking command in '/home/nvidia/gestelt_ws/src/gestelt2/build/decomp_util': CMAKE_PREFIX_PATH=${CMAKE_PREFIX_PATH}:/home/nvidia/gestelt_ws/install/gestelt_commander:/home/nvidia/tl_vision2/install/vision:/home/nvidia/bridge_ws/install/vilota_bridge:/opt/ros/humble /usr/bin/cmake --build /home/nvidia/gestelt_ws/src/gestelt2/build/decomp_util -- -j8 -l8
[0.241s] [100%] Built target decomp_util
[0.324s] Invoked command in '/home/nvidia/gestelt_ws/src/gestelt2/build/decomp_util' returned '0': CMAKE_PREFIX_PATH=${CMAKE_PREFIX_PATH}:/home/nvidia/gestelt_ws/install/gestelt_commander:/home/nvidia/tl_vision2/install/vision:/home/nvidia/bridge_ws/install/vilota_bridge:/opt/ros/humble /usr/bin/cmake --build /home/nvidia/gestelt_ws/src/gestelt2/build/decomp_util -- -j8 -l8
[0.329s] Invoking command in '/home/nvidia/gestelt_ws/src/gestelt2/build/decomp_util': CMAKE_PREFIX_PATH=${CMAKE_PREFIX_PATH}:/home/nvidia/gestelt_ws/install/gestelt_commander:/home/nvidia/tl_vision2/install/vision:/home/nvidia/bridge_ws/install/vilota_bridge:/opt/ros/humble /usr/bin/cmake --install /home/nvidia/gestelt_ws/src/gestelt2/build/decomp_util
[0.489s] -- Install configuration: "Release"
[0.489s] -- Execute custom install script
[0.489s] -- Up-to-date symlink: /home/nvidia/gestelt_ws/src/gestelt2/install/decomp_util/include/decomp_util/decomp_basis/data_type.h
[0.489s] -- Up-to-date symlink: /home/nvidia/gestelt_ws/src/gestelt2/install/decomp_util/include/decomp_util/decomp_basis/data_utils.h
[0.489s] -- Up-to-date symlink: /home/nvidia/gestelt_ws/src/gestelt2/install/decomp_util/include/decomp_util/decomp_geometry/ellipsoid.h
[0.489s] -- Up-to-date symlink: /home/nvidia/gestelt_ws/src/gestelt2/install/decomp_util/include/decomp_util/decomp_geometry/geometric_utils.h
[0.490s] -- Up-to-date symlink: /home/nvidia/gestelt_ws/src/gestelt2/install/decomp_util/include/decomp_util/decomp_geometry/polyhedron.h
[0.491s] -- Up-to-date symlink: /home/nvidia/gestelt_ws/src/gestelt2/install/decomp_util/include/decomp_util/decomp_util/decomp_base.h
[0.497s] -- Up-to-date symlink: /home/nvidia/gestelt_ws/src/gestelt2/install/decomp_util/include/decomp_util/decomp_util/ellipsoid_decomp.h
[0.497s] -- Up-to-date symlink: /home/nvidia/gestelt_ws/src/gestelt2/install/decomp_util/include/decomp_util/decomp_util/iterative_decomp.h
[0.498s] -- Up-to-date symlink: /home/nvidia/gestelt_ws/src/gestelt2/install/decomp_util/include/decomp_util/decomp_util/line_segment.h
[0.498s] -- Up-to-date symlink: /home/nvidia/gestelt_ws/src/gestelt2/install/decomp_util/include/decomp_util/decomp_util/seed_decomp.h
[0.498s] -- Symlinking: /home/nvidia/gestelt_ws/src/gestelt2/install/decomp_util/share/decomp_util/cmake/decomp_utilConfig.cmake
[0.498s] -- Up-to-date symlink: /home/nvidia/gestelt_ws/src/gestelt2/install/decomp_util/share/decomp_util/cmake/decomp_utilConfigVersion.cmake
[0.498s] -- Up-to-date symlink: /home/nvidia/gestelt_ws/src/gestelt2/install/decomp_util/share/decomp_util/environment/library_path.sh
[0.498s] -- Up-to-date symlink: /home/nvidia/gestelt_ws/src/gestelt2/install/decomp_util/share/decomp_util/environment/library_path.dsv
[0.498s] -- Up-to-date symlink: /home/nvidia/gestelt_ws/src/gestelt2/install/decomp_util/share/ament_index/resource_index/package_run_dependencies/decomp_util
[0.499s] -- Up-to-date symlink: /home/nvidia/gestelt_ws/src/gestelt2/install/decomp_util/share/ament_index/resource_index/parent_prefix_path/decomp_util
[0.499s] -- Up-to-date symlink: /home/nvidia/gestelt_ws/src/gestelt2/install/decomp_util/share/decomp_util/environment/ament_prefix_path.sh
[0.499s] -- Up-to-date symlink: /home/nvidia/gestelt_ws/src/gestelt2/install/decomp_util/share/decomp_util/environment/ament_prefix_path.dsv
[0.499s] -- Up-to-date symlink: /home/nvidia/gestelt_ws/src/gestelt2/install/decomp_util/share/decomp_util/environment/path.sh
[0.499s] -- Up-to-date symlink: /home/nvidia/gestelt_ws/src/gestelt2/install/decomp_util/share/decomp_util/environment/path.dsv
[0.499s] -- Up-to-date symlink: /home/nvidia/gestelt_ws/src/gestelt2/install/decomp_util/share/decomp_util/local_setup.bash
[0.499s] -- Up-to-date symlink: /home/nvidia/gestelt_ws/src/gestelt2/install/decomp_util/share/decomp_util/local_setup.sh
[0.500s] -- Up-to-date symlink: /home/nvidia/gestelt_ws/src/gestelt2/install/decomp_util/share/decomp_util/local_setup.zsh
[0.500s] -- Up-to-date symlink: /home/nvidia/gestelt_ws/src/gestelt2/install/decomp_util/share/decomp_util/local_setup.dsv
[0.500s] -- Symlinking: /home/nvidia/gestelt_ws/src/gestelt2/install/decomp_util/share/decomp_util/package.dsv
[0.501s] -- Up-to-date symlink: /home/nvidia/gestelt_ws/src/gestelt2/install/decomp_util/share/ament_index/resource_index/packages/decomp_util
[0.501s] -- Up-to-date symlink: /home/nvidia/gestelt_ws/src/gestelt2/install/decomp_util/share/decomp_util/cmake/ament_cmake_export_include_directories-extras.cmake
[0.502s] -- Up-to-date symlink: /home/nvidia/gestelt_ws/src/gestelt2/install/decomp_util/share/decomp_util/cmake/ament_cmake_export_libraries-extras.cmake
[0.502s] -- Up-to-date symlink: /home/nvidia/gestelt_ws/src/gestelt2/install/decomp_util/share/decomp_util/cmake/ament_cmake_export_targets-extras.cmake
[0.503s] -- Symlinking: /home/nvidia/gestelt_ws/src/gestelt2/install/decomp_util/share/decomp_util/cmake/decomp_utilConfig.cmake
[0.503s] -- Up-to-date symlink: /home/nvidia/gestelt_ws/src/gestelt2/install/decomp_util/share/decomp_util/cmake/decomp_utilConfig-version.cmake
[0.503s] -- Up-to-date symlink: /home/nvidia/gestelt_ws/src/gestelt2/install/decomp_util/share/decomp_util/package.xml
[0.504s] -- Up-to-date: /home/nvidia/gestelt_ws/src/gestelt2/install/decomp_util/lib/libdecomp_util.a
[0.504s] -- Up-to-date: /home/nvidia/gestelt_ws/src/gestelt2/install/decomp_util/share/decomp_util/cmake/export_decomp_utilExport.cmake
[0.505s] -- Up-to-date: /home/nvidia/gestelt_ws/src/gestelt2/install/decomp_util/share/decomp_util/cmake/export_decomp_utilExport-release.cmake
[0.547s] Invoked command in '/home/nvidia/gestelt_ws/src/gestelt2/build/decomp_util' returned '0': CMAKE_PREFIX_PATH=${CMAKE_PREFIX_PATH}:/home/nvidia/gestelt_ws/install/gestelt_commander:/home/nvidia/tl_vision2/install/vision:/home/nvidia/bridge_ws/install/vilota_bridge:/opt/ros/humble /usr/bin/cmake --install /home/nvidia/gestelt_ws/src/gestelt2/build/decomp_util
